Product: MDK-ARM Professional 5.10
Component: ARM Compiler 5.04 update 1 (build 49)
Tool: armlink [5040049]

==============================================================================

Section Cross References

    startup_stm32f10x_hd.o(RESET) refers to startup_stm32f10x_hd.o(STACK) for __initial_sp
    startup_stm32f10x_hd.o(RESET) refers to startup_stm32f10x_hd.o(.text) for Reset_Handler
    startup_stm32f10x_hd.o(RESET) refers to stm32f10x_it.o(i.NMI_Handler) for NMI_Handler
    startup_stm32f10x_hd.o(RESET) refers to stm32f10x_it.o(i.HardFault_Handler) for HardFault_Handler
    startup_stm32f10x_hd.o(RESET) refers to stm32f10x_it.o(i.MemManage_Handler) for MemManage_Handler
    startup_stm32f10x_hd.o(RESET) refers to stm32f10x_it.o(i.BusFault_Handler) for BusFault_Handler
    startup_stm32f10x_hd.o(RESET) refers to stm32f10x_it.o(i.UsageFault_Handler) for UsageFault_Handler
    startup_stm32f10x_hd.o(RESET) refers to stm32f10x_it.o(i.SVC_Handler) for SVC_Handler
    startup_stm32f10x_hd.o(RESET) refers to stm32f10x_it.o(i.DebugMon_Handler) for DebugMon_Handler
    startup_stm32f10x_hd.o(RESET) refers to stm32f10x_it.o(i.PendSV_Handler) for PendSV_Handler
    startup_stm32f10x_hd.o(RESET) refers to stm32f10x_it.o(i.SysTick_Handler) for SysTick_Handler
    startup_stm32f10x_hd.o(RESET) refers to stm32f10x_it.o(i.RTC_IRQHandler) for RTC_IRQHandler
    startup_stm32f10x_hd.o(RESET) refers to stm32f10x_it.o(i.EXTI0_IRQHandler) for EXTI0_IRQHandler
    startup_stm32f10x_hd.o(RESET) refers to stm32f10x_it.o(i.EXTI4_IRQHandler) for EXTI4_IRQHandler
    startup_stm32f10x_hd.o(RESET) refers to stm32f10x_it.o(i.TIM2_IRQHandler) for TIM2_IRQHandler
    startup_stm32f10x_hd.o(RESET) refers to stm32f10x_it.o(i.EXTI15_10_IRQHandler) for EXTI15_10_IRQHandler
    startup_stm32f10x_hd.o(RESET) refers to stm32f10x_it.o(i.TIM6_IRQHandler) for TIM6_IRQHandler
    startup_stm32f10x_hd.o(RESET) refers to stm32f10x_it.o(i.TIM7_IRQHandler) for TIM7_IRQHandler
    startup_stm32f10x_hd.o(.text) refers to system_stm32f10x.o(i.SystemInit) for SystemInit
    startup_stm32f10x_hd.o(.text) refers to entry.o(.ARM.Collect$$$$00000000) for __main
    system_stm32f10x.o(i.SetSysClock) refers to system_stm32f10x.o(i.SetSysClockTo72) for SetSysClockTo72
    system_stm32f10x.o(i.SystemCoreClockUpdate) refers to system_stm32f10x.o(.data) for SystemCoreClock
    system_stm32f10x.o(i.SystemInit) refers to system_stm32f10x.o(i.SetSysClock) for SetSysClock
    stm32f10x_gpio.o(i.GPIO_AFIODeInit) refers to stm32f10x_rcc.o(i.RCC_APB2PeriphResetCmd) for RCC_APB2PeriphResetCmd
    stm32f10x_gpio.o(i.GPIO_DeInit) refers to stm32f10x_rcc.o(i.RCC_APB2PeriphResetCmd) for RCC_APB2PeriphResetCmd
    stm32f10x_rcc.o(i.RCC_GetClocksFreq) refers to stm32f10x_rcc.o(.data) for APBAHBPrescTable
    stm32f10x_rcc.o(i.RCC_WaitForHSEStartUp) refers to stm32f10x_rcc.o(i.RCC_GetFlagStatus) for RCC_GetFlagStatus
    stm32f10x_spi.o(i.I2S_Init) refers to stm32f10x_rcc.o(i.RCC_GetClocksFreq) for RCC_GetClocksFreq
    stm32f10x_spi.o(i.SPI_I2S_DeInit) refers to stm32f10x_rcc.o(i.RCC_APB2PeriphResetCmd) for RCC_APB2PeriphResetCmd
    stm32f10x_spi.o(i.SPI_I2S_DeInit) refers to stm32f10x_rcc.o(i.RCC_APB1PeriphResetCmd) for RCC_APB1PeriphResetCmd
    stm32f10x_bkp.o(i.BKP_DeInit) refers to stm32f10x_rcc.o(i.RCC_BackupResetCmd) for RCC_BackupResetCmd
    stm32f10x_pwr.o(i.PWR_DeInit) refers to stm32f10x_rcc.o(i.RCC_APB1PeriphResetCmd) for RCC_APB1PeriphResetCmd
    stm32f10x_rtc.o(i.RTC_SetAlarm) refers to stm32f10x_rtc.o(i.RTC_EnterConfigMode) for RTC_EnterConfigMode
    stm32f10x_rtc.o(i.RTC_SetAlarm) refers to stm32f10x_rtc.o(i.RTC_ExitConfigMode) for RTC_ExitConfigMode
    stm32f10x_rtc.o(i.RTC_SetCounter) refers to stm32f10x_rtc.o(i.RTC_EnterConfigMode) for RTC_EnterConfigMode
    stm32f10x_rtc.o(i.RTC_SetCounter) refers to stm32f10x_rtc.o(i.RTC_ExitConfigMode) for RTC_ExitConfigMode
    stm32f10x_rtc.o(i.RTC_SetPrescaler) refers to stm32f10x_rtc.o(i.RTC_EnterConfigMode) for RTC_EnterConfigMode
    stm32f10x_rtc.o(i.RTC_SetPrescaler) refers to stm32f10x_rtc.o(i.RTC_ExitConfigMode) for RTC_ExitConfigMode
    stm32f10x_tim.o(i.TIM_DeInit) refers to stm32f10x_rcc.o(i.RCC_APB2PeriphResetCmd) for RCC_APB2PeriphResetCmd
    stm32f10x_tim.o(i.TIM_DeInit) refers to stm32f10x_rcc.o(i.RCC_APB1PeriphResetCmd) for RCC_APB1PeriphResetCmd
    stm32f10x_tim.o(i.TIM_ETRClockMode1Config) refers to stm32f10x_tim.o(i.TIM_ETRConfig) for TIM_ETRConfig
    stm32f10x_tim.o(i.TIM_ETRClockMode2Config) refers to stm32f10x_tim.o(i.TIM_ETRConfig) for TIM_ETRConfig
    stm32f10x_tim.o(i.TIM_ICInit) refers to stm32f10x_tim.o(i.TI1_Config) for TI1_Config
    stm32f10x_tim.o(i.TIM_ICInit) refers to stm32f10x_tim.o(i.TIM_SetIC1Prescaler) for TIM_SetIC1Prescaler
    stm32f10x_tim.o(i.TIM_ICInit) refers to stm32f10x_tim.o(i.TI2_Config) for TI2_Config
    stm32f10x_tim.o(i.TIM_ICInit) refers to stm32f10x_tim.o(i.TIM_SetIC2Prescaler) for TIM_SetIC2Prescaler
[...]
    ../fplib/microlib/fpmul.c                0x00000000   Number         0  dmul.o ABSOLUTE
    ../fplib/microlib/fpscalb.c              0x00000000   Number         0  dscalb.o ABSOLUTE
    ../mathlib/cos.c                         0x00000000   Number         0  cos_x.o ABSOLUTE
    ../mathlib/cos.c                         0x00000000   Number         0  cos.o ABSOLUTE
    ../mathlib/cos_i.c                       0x00000000   Number         0  cos_i.o ABSOLUTE
    ../mathlib/dunder.c                      0x00000000   Number         0  dunder.o ABSOLUTE
    ../mathlib/fpclassify.c                  0x00000000   Number         0  fpclassify.o ABSOLUTE
    ../mathlib/poly.c                        0x00000000   Number         0  poly.o ABSOLUTE
    ../mathlib/rred.c                        0x00000000   Number         0  rred.o ABSOLUTE
    ../mathlib/sin.c                         0x00000000   Number         0  sin_x.o ABSOLUTE
    ../mathlib/sin.c                         0x00000000   Number         0  sin.o ABSOLUTE
    ../mathlib/sin_i.c                       0x00000000   Number         0  sin_i_x.o ABSOLUTE
    ../mathlib/sin_i.c                       0x00000000   Number         0  sin_i.o ABSOLUTE
    ..\..\Libraries\CMSIS\core_cm3.c         0x00000000   Number         0  core_cm3.o ABSOLUTE
    ..\..\Libraries\CMSIS\startup\startup_stm32f10x_hd.s 0x00000000   Number         0  startup_stm32f10x_hd.o ABSOLUTE
    ..\..\Libraries\CMSIS\system_stm32f10x.c 0x00000000   Number         0  system_stm32f10x.o ABSOLUTE
    ..\..\Libraries\FWlib\src\misc.c         0x00000000   Number         0  misc.o ABSOLUTE
    ..\..\Libraries\FWlib\src\stm32f10x_bkp.c 0x00000000   Number         0  stm32f10x_bkp.o ABSOLUTE
    ..\..\Libraries\FWlib\src\stm32f10x_exti.c 0x00000000   Number         0  stm32f10x_exti.o ABSOLUTE
    ..\..\Libraries\FWlib\src\stm32f10x_fsmc.c 0x00000000   Number         0  stm32f10x_fsmc.o ABSOLUTE
    ..\..\Libraries\FWlib\src\stm32f10x_gpio.c 0x00000000   Number         0  stm32f10x_gpio.o ABSOLUTE
    ..\..\Libraries\FWlib\src\stm32f10x_pwr.c 0x00000000   Number         0  stm32f10x_pwr.o ABSOLUTE
    ..\..\Libraries\FWlib\src\stm32f10x_rcc.c 0x00000000   Number         0  stm32f10x_rcc.o ABSOLUTE
    ..\..\Libraries\FWlib\src\stm32f10x_rtc.c 0x00000000   Number         0  stm32f10x_rtc.o ABSOLUTE
    ..\..\Libraries\FWlib\src\stm32f10x_spi.c 0x00000000   Number         0  stm32f10x_spi.o ABSOLUTE
    ..\..\Libraries\FWlib\src\stm32f10x_tim.c 0x00000000   Number         0  stm32f10x_tim.o ABSOLUTE
    ..\..\User\TGC_TLC\bsp_calendar.c        0x00000000   Number         0  bsp_calendar.o ABSOLUTE
    ..\..\User\lcd\bsp_ili9341_lcd.c         0x00000000   Number         0  bsp_ili9341_lcd.o ABSOLUTE
    ..\..\User\lcd\bsp_lcd.c                 0x00000000   Number         0  bsp_lcd.o ABSOLUTE
    ..\..\User\lcd\bsp_xpt2046_lcd.c         0x00000000   Number         0  bsp_xpt2046_lcd.o ABSOLUTE
    ..\..\User\main.c                        0x00000000   Number         0  main.o ABSOLUTE
    ..\..\User\spi\fatfs_flash_spi.c         0x00000000   Number         0  fatfs_flash_spi.o ABSOLUTE
    ..\..\User\stm32f10x_it.c                0x00000000   Number         0  stm32f10x_it.o ABSOLUTE
    ..\\..\\Libraries\\CMSIS\\core_cm3.c     0x00000000   Number         0  core_cm3.o ABSOLUTE
    cdcmple.s                                0x00000000   Number         0  cdcmple.o ABSOLUTE
    cdrcmple.s                               0x00000000   Number         0  cdrcmple.o ABSOLUTE
    dc.s                                     0x00000000   Number         0  dc.o ABSOLUTE
    handlers.s                               0x00000000   Number         0  handlers.o ABSOLUTE
    init.s                                   0x00000000   Number         0  init.o ABSOLUTE
    RESET                                    0x08000000   Section      304  startup_stm32f10x_hd.o(RESET)
    .ARM.Collect$$$$00000000                 0x08000130   Section        0  entry.o(.ARM.Collect$$$$00000000)
    .ARM.Collect$$$$00000001                 0x08000130   Section        4  entry2.o(.ARM.Collect$$$$00000001)
    .ARM.Collect$$$$00000004                 0x08000134   Section        4  entry5.o(.ARM.Collect$$$$00000004)
    .ARM.Collect$$$$00000008                 0x08000138   Section        0  entry7b.o(.ARM.Collect$$$$00000008)
    .ARM.Collect$$$$0000000A                 0x08000138   Section        0  entry8b.o(.ARM.Collect$$$$0000000A)
    .ARM.Collect$$$$0000000B                 0x08000138   Section        8  entry9a.o(.ARM.Collect$$$$0000000B)
    .ARM.Collect$$$$0000000D                 0x08000140   Section        0  entry10a.o(.ARM.Collect$$$$0000000D)
    .ARM.Collect$$$$0000000F                 0x08000140   Section        0  entry11a.o(.ARM.Collect$$$$0000000F)
    .ARM.Collect$$$$00002712                 0x08000140   Section        4  entry2.o(.ARM.Collect$$$$00002712)
    __lit__00000000                          0x08000140   Data           4  entry2.o(.ARM.Collect$$$$00002712)
    .text                                    0x08000144   Section       36  startup_stm32f10x_hd.o(.text)
    .text                                    0x08000168   Section        0  memseta.o(.text)
    .text                                    0x0800018c   Section        0  strlen.o(.text)
    .text                                    0x0800019a   Section        0  dadd.o(.text)
    .text                                    0x080002e8   Section        0  dmul.o(.text)
    .text                                    0x080003cc   Section        0  ddiv.o(.text)
    .text                                    0x080004aa   Section        0  dflti.o(.text)
    .text                                    0x080004cc   Section        0  dfltui.o(.text)
    .text                                    0x080004e6   Section        0  dfixi.o(.text)
    .text                                    0x08000524   Section        0  dfixui.o(.text)
    .text                                    0x08000556   Section        0  f2d.o(.text)
    .text                                    0x0800057c   Section       40  cdcmple.o(.text)
    .text                                    0x080005a4   Section        0  d2f.o(.text)
    .text                                    0x080005dc   Section        0  uidiv.o(.text)
    .text                                    0x08000608   Section        0  llshl.o(.text)
    .text                                    0x08000626   Section        0  llushr.o(.text)
    .text                                    0x08000646   Section        0  llsshr.o(.text)
    .text                                    0x0800066a   Section        0  fepilogue.o(.text)
    .text                                    0x0800066a   Section        0  iusefp.o(.text)
    .text                                    0x080006d8   Section        0  depilogue.o(.text)
    .text                                    0x0800078e   Section        0  dscalb.o(.text)
    .text                                    0x080007bc   Section       36  init.o(.text)
    .text                                    0x080007e0   Section        0  iusesemip.o(.text)
    .text                                    0x080007e0   Section        0  semi.o(.text)
    i.BKP_DeInit                             0x080007e0   Section        0  stm32f10x_bkp.o(i.BKP_DeInit)
    i.BusFault_Handler                       0x080007f0   Section        0  stm32f10x_it.o(i.BusFault_Handler)
    i.Cal_Time                               0x080007f4   Section        0  main.o(i.Cal_Time)
    i.DebugMon_Handler                       0x080008d0   Section        0  stm32f10x_it.o(i.DebugMon_Handler)
    i.Delay                                  0x080008d2   Section        0  main.o(i.Delay)
    i.Drawing                                0x080008dc   Section        0  main.o(i.Drawing)
    i.EXTI0_IRQHandler                       0x080010e4   Section        0  stm32f10x_it.o(i.EXTI0_IRQHandler)
    i.EXTI15_10_IRQHandler                   0x08001144   Section        0  stm32f10x_it.o(i.EXTI15_10_IRQHandler)
    i.EXTI4_IRQHandler                       0x080011ac   Section        0  stm32f10x_it.o(i.EXTI4_IRQHandler)
    i.EXTI_ClearITPendingBit                 0x080011dc   Section        0  stm32f10x_exti.o(i.EXTI_ClearITPendingBit)
    i.EXTI_GetITStatus                       0x080011e8   Section        0  stm32f10x_exti.o(i.EXTI_GetITStatus)
    i.EXTI_Init                              0x08001210   Section        0  stm32f10x_exti.o(i.EXTI_Init)
    i.FLASH_SPI_initialize                   0x080012a4   Section        0  fatfs_flash_spi.o(i.FLASH_SPI_initialize)
    i.FSMC_NORSRAMCmd                        0x0800137c   Section        0  stm32f10x_fsmc.o(i.FSMC_NORSRAMCmd)
    i.FSMC_NORSRAMInit                       0x080013b0   Section        0  stm32f10x_fsmc.o(i.FSMC_NORSRAMInit)
    i.Flash_TouchCalibrate                   0x08001498   Section        0  main.o(i.Flash_TouchCalibrate)
    i.GPIO_Configuration                     0x080014ec   Section        0  main.o(i.GPIO_Configuration)
    i.GPIO_EXTILineConfig                    0x08001560   Section        0  stm32f10x_gpio.o(i.GPIO_EXTILineConfig)
    i.GPIO_Init                              0x080015a0   Section        0  stm32f10x_gpio.o(i.GPIO_Init)
    i.GPIO_ReadInputDataBit                  0x080016b6   Section        0  stm32f10x_gpio.o(i.GPIO_ReadInputDataBit)
    i.GPIO_ResetBits                         0x080016c8   Section        0  stm32f10x_gpio.o(i.GPIO_ResetBits)
    i.GPIO_SetBits                           0x080016cc   Section        0  stm32f10x_gpio.o(i.GPIO_SetBits)
    i.GetGBKCode_from_EXFlash                0x080016d0   Section        0  fatfs_flash_spi.o(i.GetGBKCode_from_EXFlash)
    i.Get_TouchKey                           0x08001704   Section        0  main.o(i.Get_TouchKey)
    i.Get_Week                               0x08001c0c   Section        0  main.o(i.Get_Week)
    i.HardFault_Handler                      0x08001c82   Section        0  stm32f10x_it.o(i.HardFault_Handler)
    i.ILI9341_BackLed_Control                0x08001c88   Section        0  bsp_ili9341_lcd.o(i.ILI9341_BackLed_Control)
    i.ILI9341_Clear                          0x08001cac   Section        0  bsp_ili9341_lcd.o(i.ILI9341_Clear)
    i.ILI9341_Delay                          0x08001cd6   Section        0  bsp_ili9341_lcd.o(i.ILI9341_Delay)
    ILI9341_Delay                            0x08001cd7   Thumb Code    18  bsp_ili9341_lcd.o(i.ILI9341_Delay)
    i.ILI9341_DispChar_CH                    0x08001ce8   Section        0  bsp_ili9341_lcd.o(i.ILI9341_DispChar_CH)
    i.ILI9341_DispChar_EN                    0x08001d70   Section        0  bsp_ili9341_lcd.o(i.ILI9341_DispChar_EN)
    i.ILI9341_DispChar_EN_32                 0x08001ddc   Section        0  bsp_ili9341_lcd.o(i.ILI9341_DispChar_EN_32)
    i.ILI9341_DispChar_EN_48                 0x08001e70   Section        0  bsp_ili9341_lcd.o(i.ILI9341_DispChar_EN_48)
    i.ILI9341_DispString_CH                  0x08001f44   Section        0  bsp_ili9341_lcd.o(i.ILI9341_DispString_CH)
    i.ILI9341_DispString_EN                  0x08001fa0   Section        0  bsp_ili9341_lcd.o(i.ILI9341_DispString_EN)
    i.ILI9341_DispString_EN_32               0x08001ff2   Section        0  bsp_ili9341_lcd.o(i.ILI9341_DispString_EN_32)
    i.ILI9341_DispString_EN_48               0x08002044   Section        0  bsp_ili9341_lcd.o(i.ILI9341_DispString_EN_48)
    i.ILI9341_DispString_EN_CH               0x08002096   Section        0  bsp_ili9341_lcd.o(i.ILI9341_DispString_EN_CH)
    i.ILI9341_DrawCircle                     0x08002130   Section        0  bsp_ili9341_lcd.o(i.ILI9341_DrawCircle)
    i.ILI9341_DrawCross                      0x08002288   Section        0  bsp_xpt2046_lcd.o(i.ILI9341_DrawCross)
    ILI9341_DrawCross                        0x08002289   Thumb Code    52  bsp_xpt2046_lcd.o(i.ILI9341_DrawCross)
    i.ILI9341_DrawLine                       0x080022bc   Section        0  bsp_ili9341_lcd.o(i.ILI9341_DrawLine)
    i.ILI9341_DrawRectangle                  0x0800236a   Section        0  bsp_ili9341_lcd.o(i.ILI9341_DrawRectangle)
    i.ILI9341_FSMC_Config                    0x080023f6   Section        0  bsp_ili9341_lcd.o(i.ILI9341_FSMC_Config)
    ILI9341_FSMC_Config                      0x080023f7   Thumb Code   100  bsp_ili9341_lcd.o(i.ILI9341_FSMC_Config)
    i.ILI9341_FillColor                      0x0800245a   Section        0  bsp_ili9341_lcd.o(i.ILI9341_FillColor)
    ILI9341_FillColor                        0x0800245b   Thumb Code    32  bsp_ili9341_lcd.o(i.ILI9341_FillColor)
    i.ILI9341_GPIO_Config                    0x0800247c   Section        0  bsp_ili9341_lcd.o(i.ILI9341_GPIO_Config)
    ILI9341_GPIO_Config                      0x0800247d   Thumb Code   220  bsp_ili9341_lcd.o(i.ILI9341_GPIO_Config)
    i.ILI9341_GramScan                       0x08002560   Section        0  bsp_ili9341_lcd.o(i.ILI9341_GramScan)
    i.ILI9341_Init                           0x080026a8   Section        0  bsp_ili9341_lcd.o(i.ILI9341_Init)
    i.ILI9341_OpenWindow                     0x080026c2   Section        0  bsp_ili9341_lcd.o(i.ILI9341_OpenWindow)
    i.ILI9341_REG_Config                     0x08002724   Section        0  bsp_ili9341_lcd.o(i.ILI9341_REG_Config)
    ILI9341_REG_Config                       0x08002725   Thumb Code   556  bsp_ili9341_lcd.o(i.ILI9341_REG_Config)
    i.ILI9341_Rst                            0x08002954   Section        0  bsp_ili9341_lcd.o(i.ILI9341_Rst)
    i.ILI9341_SetCursor                      0x0800297c   Section        0  bsp_ili9341_lcd.o(i.ILI9341_SetCursor)
    ILI9341_SetCursor                        0x0800297d   Thumb Code    20  bsp_ili9341_lcd.o(i.ILI9341_SetCursor)
    i.ILI9341_SetPointPixel                  0x08002990   Section        0  bsp_ili9341_lcd.o(i.ILI9341_SetPointPixel)
    i.ILI9341_Write_Cmd                      0x080029b4   Section        0  bsp_ili9341_lcd.o(i.ILI9341_Write_Cmd)
    i.ILI9341_Write_Data                     0x080029bc   Section        0  bsp_ili9341_lcd.o(i.ILI9341_Write_Data)
    i.Is_LeapYear                            0x080029c8   Section        0  main.o(i.Is_LeapYear)
    i.KeyScan                                0x08002a04   Section        0  main.o(i.KeyScan)
    i.LCD_Init                               0x08002a68   Section        0  bsp_lcd.o(i.LCD_Init)
    i.MemManage_Handler                      0x08002a74   Section        0  stm32f10x_it.o(i.MemManage_Handler)
    i.NMI_Handler                            0x08002a78   Section        0  stm32f10x_it.o(i.NMI_Handler)
    i.NVIC_Configuration                     0x08002a7a   Section        0  main.o(i.NVIC_Configuration)
    i.NVIC_Init                              0x08002af4   Section        0  misc.o(i.NVIC_Init)
    i.NVIC_PriorityGroupConfig               0x08002b64   Section        0  misc.o(i.NVIC_PriorityGroupConfig)
    i.PWR_BackupAccessCmd                    0x08002b78   Section        0  stm32f10x_pwr.o(i.PWR_BackupAccessCmd)
    i.PendSV_Handler                         0x08002b84   Section        0  stm32f10x_it.o(i.PendSV_Handler)
    i.RCC_AHBPeriphClockCmd                  0x08002b88   Section        0  stm32f10x_rcc.o(i.RCC_AHBPeriphClockCmd)
    i.RCC_APB1PeriphClockCmd                 0x08002ba8   Section        0  stm32f10x_rcc.o(i.RCC_APB1PeriphClockCmd)
    i.RCC_APB1PeriphResetCmd                 0x08002bc8   Section        0  stm32f10x_rcc.o(i.RCC_APB1PeriphResetCmd)
    i.RCC_APB2PeriphClockCmd                 0x08002be8   Section        0  stm32f10x_rcc.o(i.RCC_APB2PeriphClockCmd)
    i.RCC_APB2PeriphResetCmd                 0x08002c08   Section        0  stm32f10x_rcc.o(i.RCC_APB2PeriphResetCmd)
    i.RCC_BackupResetCmd                     0x08002c28   Section        0  stm32f10x_rcc.o(i.RCC_BackupResetCmd)
    i.RCC_GetFlagStatus                      0x08002c34   Section        0  stm32f10x_rcc.o(i.RCC_GetFlagStatus)
    i.RCC_LSEConfig                          0x08002c70   Section        0  stm32f10x_rcc.o(i.RCC_LSEConfig)
    i.RCC_RTCCLKCmd                          0x08002ca4   Section        0  stm32f10x_rcc.o(i.RCC_RTCCLKCmd)
    i.RCC_RTCCLKConfig                       0x08002cb0   Section        0  stm32f10x_rcc.o(i.RCC_RTCCLKConfig)
    i.RTC_ClearITPendingBit                  0x08002cc0   Section        0  stm32f10x_rtc.o(i.RTC_ClearITPendingBit)
    i.RTC_Configuration                      0x08002cd0   Section        0  main.o(i.RTC_Configuration)
    i.RTC_EnterConfigMode                    0x08002d30   Section        0  stm32f10x_rtc.o(i.RTC_EnterConfigMode)
    i.RTC_ExitConfigMode                     0x08002d44   Section        0  stm32f10x_rtc.o(i.RTC_ExitConfigMode)
    i.RTC_GetCounter                         0x08002d58   Section        0  stm32f10x_rtc.o(i.RTC_GetCounter)
    i.RTC_GetITStatus                        0x08002d6c   Section        0  stm32f10x_rtc.o(i.RTC_GetITStatus)
    i.RTC_IRQHandler                         0x08002d90   Section        0  stm32f10x_it.o(i.RTC_IRQHandler)
    i.RTC_ITConfig                           0x08002dbc   Section        0  stm32f10x_rtc.o(i.RTC_ITConfig)
    i.RTC_SetCounter                         0x08002ddc   Section        0  stm32f10x_rtc.o(i.RTC_SetCounter)
    i.RTC_SetPrescaler                       0x08002df8   Section        0  stm32f10x_rtc.o(i.RTC_SetPrescaler)
    i.RTC_WaitForLastTask                    0x08002e18   Section        0  stm32f10x_rtc.o(i.RTC_WaitForLastTask)
    i.RTC_WaitForSynchro                     0x08002e2c   Section        0  stm32f10x_rtc.o(i.RTC_WaitForSynchro)
    i.Read_RTCTime                           0x08002e50   Section        0  main.o(i.Read_RTCTime)
    i.SPI_Cmd                                0x08002e66   Section        0  stm32f10x_spi.o(i.SPI_Cmd)
    i.SPI_FLASH_BufferRead                   0x08002e80   Section        0  fatfs_flash_spi.o(i.SPI_FLASH_BufferRead)
    i.SPI_FLASH_BufferWrite                  0x08002ed0   Section        0  fatfs_flash_spi.o(i.SPI_FLASH_BufferWrite)
    i.SPI_FLASH_PageWrite                    0x08002ff4   Section        0  fatfs_flash_spi.o(i.SPI_FLASH_PageWrite)
    i.SPI_FLASH_ReadDeviceID                 0x08003054   Section        0  fatfs_flash_spi.o(i.SPI_FLASH_ReadDeviceID)
    i.SPI_FLASH_ReadID                       0x08003090   Section        0  fatfs_flash_spi.o(i.SPI_FLASH_ReadID)
    i.SPI_FLASH_SectorErase                  0x080030e0   Section        0  fatfs_flash_spi.o(i.SPI_FLASH_SectorErase)
    i.SPI_FLASH_SendByte                     0x08003124   Section        0  fatfs_flash_spi.o(i.SPI_FLASH_SendByte)
    i.SPI_FLASH_WaitForWriteEnd              0x08003198   Section        0  fatfs_flash_spi.o(i.SPI_FLASH_WaitForWriteEnd)
    i.SPI_FLASH_WriteEnable                  0x080031ec   Section        0  fatfs_flash_spi.o(i.SPI_FLASH_WriteEnable)
    i.SPI_I2S_GetFlagStatus                  0x0800320c   Section        0  stm32f10x_spi.o(i.SPI_I2S_GetFlagStatus)
    i.SPI_I2S_ReceiveData                    0x0800321e   Section        0  stm32f10x_spi.o(i.SPI_I2S_ReceiveData)
    i.SPI_I2S_SendData                       0x08003224   Section        0  stm32f10x_spi.o(i.SPI_I2S_SendData)
    i.SPI_Init                               0x08003228   Section        0  stm32f10x_spi.o(i.SPI_Init)
    i.SPI_TIMEOUT_UserCallback               0x08003264   Section        0  fatfs_flash_spi.o(i.SPI_TIMEOUT_UserCallback)
    SPI_TIMEOUT_UserCallback                 0x08003265   Thumb Code    12  fatfs_flash_spi.o(i.SPI_TIMEOUT_UserCallback)
    i.SVC_Handler                            0x08003298   Section        0  stm32f10x_it.o(i.SVC_Handler)
    i.SetSysClock                            0x0800329a   Section        0  system_stm32f10x.o(i.SetSysClock)
    SetSysClock                              0x0800329b   Thumb Code     8  system_stm32f10x.o(i.SetSysClock)
    i.SetSysClockTo72                        0x080032a4   Section        0  system_stm32f10x.o(i.SetSysClockTo72)
    SetSysClockTo72                          0x080032a5   Thumb Code   214  system_stm32f10x.o(i.SetSysClockTo72)
    i.Set_RTCTime                            0x08003384   Section        0  main.o(i.Set_RTCTime)
    i.SysTick_Handler                        0x08003448   Section        0  stm32f10x_it.o(i.SysTick_Handler)
    i.SystemConfiguration                    0x0800344a   Section        0  main.o(i.SystemConfiguration)
    i.SystemInit                             0x08003478   Section        0  system_stm32f10x.o(i.SystemInit)
    i.TIM1_Configuration                     0x080034d8   Section        0  main.o(i.TIM1_Configuration)
    i.TIM2_Configuration                     0x08003574   Section        0  main.o(i.TIM2_Configuration)
    i.TIM2_IRQHandler                        0x080035b8   Section        0  stm32f10x_it.o(i.TIM2_IRQHandler)
    i.TIM6_Configuration                     0x080035f4   Section        0  main.o(i.TIM6_Configuration)
    i.TIM6_IRQHandler                        0x08003634   Section        0  stm32f10x_it.o(i.TIM6_IRQHandler)
    i.TIM7_Configuration                     0x080037c8   Section        0  main.o(i.TIM7_Configuration)
    i.TIM7_IRQHandler                        0x08003800   Section        0  stm32f10x_it.o(i.TIM7_IRQHandler)
    i.TIM_ClearITPendingBit                  0x0800386c   Section        0  stm32f10x_tim.o(i.TIM_ClearITPendingBit)
    i.TIM_Cmd                                0x08003872   Section        0  stm32f10x_tim.o(i.TIM_Cmd)
    i.TIM_CtrlPWMOutputs                     0x0800388a   Section        0  stm32f10x_tim.o(i.TIM_CtrlPWMOutputs)
    i.TIM_DeInit                             0x080038a8   Section        0  stm32f10x_tim.o(i.TIM_DeInit)
    i.TIM_GetITStatus                        0x08003a90   Section        0  stm32f10x_tim.o(i.TIM_GetITStatus)
    i.TIM_ITConfig                           0x08003ab2   Section        0  stm32f10x_tim.o(i.TIM_ITConfig)
    i.TIM_OC1Init                            0x08003ac4   Section        0  stm32f10x_tim.o(i.TIM_OC1Init)
    i.TIM_OC1PreloadConfig                   0x08003b5c   Section        0  stm32f10x_tim.o(i.TIM_OC1PreloadConfig)
    i.TIM_TimeBaseInit                       0x08003b70   Section        0  stm32f10x_tim.o(i.TIM_TimeBaseInit)
    i.TP_Scan                                0x08003c14   Section        0  bsp_xpt2046_lcd.o(i.TP_Scan)
    i.UI00                                   0x08003ca0   Section        0  main.o(i.UI00)
    i.UI01                                   0x08004194   Section        0  main.o(i.UI01)
    i.UI02                                   0x080047ec   Section        0  main.o(i.UI02)
    i.UI03                                   0x08004e5c   Section        0  main.o(i.UI03)
    i.UI04                                   0x08005464   Section        0  main.o(i.UI04)
    i.UI05                                   0x080057e4   Section        0  main.o(i.UI05)
    i.UI06                                   0x080057e8   Section        0  main.o(i.UI06)
    i.UI10                                   0x08005b00   Section        0  main.o(i.UI10)
    i.UI11                                   0x080066d8   Section        0  main.o(i.UI11)
    i.UI12                                   0x08006904   Section        0  main.o(i.UI12)
    i.UI20                                   0x08006b0c   Section        0  main.o(i.UI20)
    i.UsageFault_Handler                     0x08006bfc   Section        0  stm32f10x_it.o(i.UsageFault_Handler)
    i.XPT2046_Calculate_CalibrationFactor    0x08006c00   Section        0  bsp_xpt2046_lcd.o(i.XPT2046_Calculate_CalibrationFactor)
    XPT2046_Calculate_CalibrationFactor      0x08006c01   Thumb Code   356  bsp_xpt2046_lcd.o(i.XPT2046_Calculate_CalibrationFactor)
    i.XPT2046_DelayUS                        0x08006d64   Section        0  bsp_xpt2046_lcd.o(i.XPT2046_DelayUS)
    XPT2046_DelayUS                          0x08006d65   Thumb Code    30  bsp_xpt2046_lcd.o(i.XPT2046_DelayUS)
    i.XPT2046_EXTI_Config                    0x08006d84   Section        0  bsp_xpt2046_lcd.o(i.XPT2046_EXTI_Config)
    XPT2046_EXTI_Config                      0x08006d85   Thumb Code    72  bsp_xpt2046_lcd.o(i.XPT2046_EXTI_Config)
    i.XPT2046_EXTI_NVIC_Config               0x08006dd0   Section        0  bsp_xpt2046_lcd.o(i.XPT2046_EXTI_NVIC_Config)
    XPT2046_EXTI_NVIC_Config                 0x08006dd1   Thumb Code    38  bsp_xpt2046_lcd.o(i.XPT2046_EXTI_NVIC_Config)
    i.XPT2046_GPIO_SPI_Config                0x08006df8   Section        0  bsp_xpt2046_lcd.o(i.XPT2046_GPIO_SPI_Config)
    XPT2046_GPIO_SPI_Config                  0x08006df9   Thumb Code   114  bsp_xpt2046_lcd.o(i.XPT2046_GPIO_SPI_Config)
    i.XPT2046_Get_TouchedPoint               0x08006e74   Section        0  bsp_xpt2046_lcd.o(i.XPT2046_Get_TouchedPoint)
    i.XPT2046_Init                           0x08006f3e   Section        0  bsp_xpt2046_lcd.o(i.XPT2046_Init)
    i.XPT2046_ReadAdc                        0x08006f4a   Section        0  bsp_xpt2046_lcd.o(i.XPT2046_ReadAdc)
    XPT2046_ReadAdc                          0x08006f4b   Thumb Code    16  bsp_xpt2046_lcd.o(i.XPT2046_ReadAdc)
    i.XPT2046_ReadAdc_Smooth_XY              0x08006f5c   Section        0  bsp_xpt2046_lcd.o(i.XPT2046_ReadAdc_Smooth_XY)
    XPT2046_ReadAdc_Smooth_XY                0x08006f5d   Thumb Code   638  bsp_xpt2046_lcd.o(i.XPT2046_ReadAdc_Smooth_XY)
    i.XPT2046_ReadAdc_XY                     0x080071e4   Section        0  bsp_xpt2046_lcd.o(i.XPT2046_ReadAdc_XY)
    XPT2046_ReadAdc_XY                       0x080071e5   Thumb Code    38  bsp_xpt2046_lcd.o(i.XPT2046_ReadAdc_XY)
    i.XPT2046_ReadCMD                        0x0800720c   Section        0  bsp_xpt2046_lcd.o(i.XPT2046_ReadCMD)
    XPT2046_ReadCMD                          0x0800720d   Thumb Code    74  bsp_xpt2046_lcd.o(i.XPT2046_ReadCMD)
    i.XPT2046_Touch_Calibrate                0x0800725c   Section        0  bsp_xpt2046_lcd.o(i.XPT2046_Touch_Calibrate)
    i.XPT2046_WriteCMD                       0x08007658   Section        0  bsp_xpt2046_lcd.o(i.XPT2046_WriteCMD)
    XPT2046_WriteCMD                         0x08007659   Thumb Code    94  bsp_xpt2046_lcd.o(i.XPT2046_WriteCMD)
    i.__0printf$6                            0x080076bc   Section        0  printf6.o(i.__0printf$6)
    i.__0sprintf$6                           0x080076dc   Section        0  printf6.o(i.__0sprintf$6)
    i.__ARM_fpclassify                       0x08007704   Section        0  fpclassify.o(i.__ARM_fpclassify)
    i.__ieee754_rem_pio2                     0x0800772c   Section        0  rred.o(i.__ieee754_rem_pio2)
    i.__kernel_cos                           0x08007ab4   Section        0  cos_i.o(i.__kernel_cos)
    i.__kernel_poly                          0x08007bb0   Section        0  poly.o(i.__kernel_poly)
    i.__kernel_sin                           0x08007c5c   Section        0  sin_i.o(i.__kernel_sin)
    i.__mathlib_dbl_underflow                0x08007d48   Section        0  dunder.o(i.__mathlib_dbl_underflow)
    i.__scatterload_copy                     0x08007d58   Section       14  handlers.o(i.__scatterload_copy)
    i.__scatterload_null                     0x08007d66   Section        2  handlers.o(i.__scatterload_null)
    i.__scatterload_zeroinit                 0x08007d68   Section       14  handlers.o(i.__scatterload_zeroinit)
    i.__set_errno                            0x08007d78   Section        0  errno.o(i.__set_errno)
    i._printf_core                           0x08007d84   Section        0  printf6.o(i._printf_core)
    _printf_core                             0x08007d85   Thumb Code   748  printf6.o(i._printf_core)
    i._printf_post_padding                   0x08008074   Section        0  printf6.o(i._printf_post_padding)
    _printf_post_padding                     0x08008075   Thumb Code    36  printf6.o(i._printf_post_padding)
    i._printf_pre_padding                    0x08008098   Section        0  printf6.o(i._printf_pre_padding)
    _printf_pre_padding                      0x08008099   Thumb Code    46  printf6.o(i._printf_pre_padding)
    i._sputc                                 0x080080c6   Section        0  printf6.o(i._sputc)
    _sputc                                   0x080080c7   Thumb Code    10  printf6.o(i._sputc)
    i.cos                                    0x080080d0   Section        0  cos.o(i.cos)
    i.fputc                                  0x0800817c   Section        0  fputc.o(i.fputc)
    i.main                                   0x08008190   Section        0  main.o(i.main)
    i.sin                                    0x08008268   Section        0  sin.o(i.sin)
    .constdata                               0x08008318   Section      383  main.o(.constdata)
    .constdata                               0x08008497   Section    21280  bsp_ili9341_lcd.o(.constdata)
    .constdata                               0x0800d7b8   Section       48  cos_i.o(.constdata)
    C                                        0x0800d7b8   Data          48  cos_i.o(.constdata)
    .constdata                               0x0800d7e8   Section      200  rred.o(.constdata)
    pio2s                                    0x0800d7e8   Data          48  rred.o(.constdata)
    twooverpi                                0x0800d818   Data         152  rred.o(.constdata)
    .constdata                               0x0800d8b0   Section       40  sin_i.o(.constdata)
    S                                        0x0800d8b0   Data          40  sin_i.o(.constdata)
    .data                                    0x20000000   Section       40  main.o(.data)
    .data                                    0x20000028   Section       49  bsp_xpt2046_lcd.o(.data)
    .data                                    0x2000005c   Section        4  fatfs_flash_spi.o(.data)
    SPITimeout                               0x2000005c   Data           4  fatfs_flash_spi.o(.data)
    .data                                    0x20000060   Section       18  stm32f10x_it.o(.data)
    status                                   0x20000060   Data           1  stm32f10x_it.o(.data)
    status                                   0x20000061   Data           1  stm32f10x_it.o(.data)
    Timer2Cnt                                0x20000062   Data           2  stm32f10x_it.o(.data)
    Clicks                                   0x20000064   Data           1  stm32f10x_it.o(.data)
    KeyBuf                                   0x20000066   Data           2  stm32f10x_it.o(.data)
    KeyBufOld                                0x20000068   Data           2  stm32f10x_it.o(.data)
    KeyBufOld2                               0x2000006a   Data           2  stm32f10x_it.o(.data)
    KeySta                                   0x2000006c   Data           2  stm32f10x_it.o(.data)
    Timer6Cnt                                0x2000006e   Data           2  stm32f10x_it.o(.data)
    Timer7Cnt                                0x20000070   Data           2  stm32f10x_it.o(.data)
    .data                                    0x20000074   Section        4  stdout.o(.data)
    .data                                    0x20000078   Section        4  errno.o(.data)
    _errno                                   0x20000078   Data           4  errno.o(.data)
    .bss                                     0x2000007c   Section       10  bsp_xpt2046_lcd.o(.bss)
    STACK                                    0x20000088   Section     1024  startup_stm32f10x_hd.o(STACK)

    Global Symbols

    Symbol Name                              Value     Ov Type        Size  Object(Section)

    BuildAttributes$$THM_ISAv4$P$D$K$B$S$PE$A:L22UL41UL21$X:L11$S22US41US21$IEEE1$IW$USESV6$~STKCKD$USESV7$~SHL$OTIME$ROPI$IEEEX$EBA8$MICROLIB$REQ8$PRES8$EABIv2 0x00000000   Number         0  anon$$obj.o ABSOLUTE
    __ARM_use_no_argv                        0x00000000   Number         0  main.o ABSOLUTE
    _printf_a                                0x00000000   Number         0  stubs.o ABSOLUTE
    _printf_c                                0x00000000   Number         0  stubs.o ABSOLUTE
    _printf_charcount                        0x00000000   Number         0  stubs.o ABSOLUTE
    _printf_d                                0x00000000   Number         0  stubs.o ABSOLUTE
    _printf_e                                0x00000000   Number         0  stubs.o ABSOLUTE
    _printf_f                                0x00000000   Number         0  stubs.o ABSOLUTE
    _printf_flags                            0x00000000   Number         0  stubs.o ABSOLUTE
    _printf_fp_dec                           0x00000000   Number         0  stubs.o ABSOLUTE
    _printf_fp_hex                           0x00000000   Number         0  stubs.o ABSOLUTE
    _printf_g                                0x00000000   Number         0  stubs.o ABSOLUTE
    _printf_i                                0x00000000   Number         0  stubs.o ABSOLUTE
    _printf_int_dec                          0x00000000   Number         0  stubs.o ABSOLUTE
    _printf_l                                0x00000000   Number         0  stubs.o ABSOLUTE
    _printf_lc                               0x00000000   Number         0  stubs.o ABSOLUTE
    _printf_ll                               0x00000000   Number         0  stubs.o ABSOLUTE
    _printf_lld                              0x00000000   Number         0  stubs.o ABSOLUTE
    _printf_lli                              0x00000000   Number         0  stubs.o ABSOLUTE
    _printf_llo                              0x00000000   Number         0  stubs.o ABSOLUTE
    _printf_llu                              0x00000000   Number         0  stubs.o ABSOLUTE
    _printf_llx                              0x00000000   Number         0  stubs.o ABSOLUTE
    _printf_longlong_dec                     0x00000000   Number         0  stubs.o ABSOLUTE
    _printf_longlong_hex                     0x00000000   Number         0  stubs.o ABSOLUTE
    _printf_longlong_oct                     0x00000000   Number         0  stubs.o ABSOLUTE
    _printf_ls                               0x00000000   Number         0  stubs.o ABSOLUTE
    _printf_mbtowc                           0x00000000   Number         0  stubs.o ABSOLUTE
    _printf_n                                0x00000000   Number         0  stubs.o ABSOLUTE
    _printf_o                                0x00000000   Number         0  stubs.o ABSOLUTE
    _printf_p                                0x00000000   Number         0  stubs.o ABSOLUTE
    _printf_percent                          0x00000000   Number         0  stubs.o ABSOLUTE
    _printf_pre_padding                      0x00000000   Number         0  stubs.o ABSOLUTE
    _printf_return_value                     0x00000000   Number         0  stubs.o ABSOLUTE
    _printf_s                                0x00000000   Number         0  stubs.o ABSOLUTE
    _printf_sizespec                         0x00000000   Number         0  stubs.o ABSOLUTE
    _printf_str                              0x00000000   Number         0  stubs.o ABSOLUTE
    _printf_truncate_signed                  0x00000000   Number         0  stubs.o ABSOLUTE
    _printf_truncate_unsigned                0x00000000   Number         0  stubs.o ABSOLUTE
    _printf_u                                0x00000000   Number         0  stubs.o ABSOLUTE
    _printf_wc                               0x00000000   Number         0  stubs.o ABSOLUTE
    _printf_wctomb                           0x00000000   Number         0  stubs.o ABSOLUTE
    _printf_widthprec                        0x00000000   Number         0  stubs.o ABSOLUTE
    _printf_x                                0x00000000   Number         0  stubs.o ABSOLUTE
    __cpp_initialize__aeabi_                  - Undefined Weak Reference
    __cxa_finalize                            - Undefined Weak Reference
    __decompress                              - Undefined Weak Reference
    _clock_init                               - Undefined Weak Reference
    _microlib_exit                            - Undefined Weak Reference
    __Vectors_Size                           0x00000130   Number         0  startup_stm32f10x_hd.o ABSOLUTE
    __Vectors                                0x08000000   Data           4  startup_stm32f10x_hd.o(RESET)
    __Vectors_End                            0x08000130   Data           0  startup_stm32f10x_hd.o(RESET)
    __main                                   0x08000131   Thumb Code     0  entry.o(.ARM.Collect$$$$00000000)
    _main_stk                                0x08000131   Thumb Code     0  entry2.o(.ARM.Collect$$$$00000001)
    _main_scatterload                        0x08000135   Thumb Code     0  entry5.o(.ARM.Collect$$$$00000004)
    __main_after_scatterload                 0x08000139   Thumb Code     0  entry5.o(.ARM.Collect$$$$00000004)
    _main_clock                              0x08000139   Thumb Code     0  entry7b.o(.ARM.Collect$$$$00000008)
    _main_cpp_init                           0x08000139   Thumb Code     0  entry8b.o(.ARM.Collect$$$$0000000A)
    _main_init                               0x08000139   Thumb Code     0  entry9a.o(.ARM.Collect$$$$0000000B)
    __rt_final_cpp                           0x08000141   Thumb Code     0  entry10a.o(.ARM.Collect$$$$0000000D)
    __rt_final_exit                          0x08000141   Thumb Code     0  entry11a.o(.ARM.Collect$$$$0000000F)
    Reset_Handler                            0x08000145   Thumb Code     8  startup_stm32f10x_hd.o(.text)
    ADC1_2_IRQHandler                        0x0800015f   Thumb Code     0  startup_stm32f10x_hd.o(.text)
    ADC3_IRQHandler                          0x0800015f   Thumb Code     0  startup_stm32f10x_hd.o(.text)
    CAN1_RX1_IRQHandler                      0x0800015f   Thumb Code     0  startup_stm32f10x_hd.o(.text)
    CAN1_SCE_IRQHandler                      0x0800015f   Thumb Code     0  startup_stm32f10x_hd.o(.text)
    DMA1_Channel1_IRQHandler                 0x0800015f   Thumb Code     0  startup_stm32f10x_hd.o(.text)
    DMA1_Channel2_IRQHandler                 0x0800015f   Thumb Code     0  startup_stm32f10x_hd.o(.text)
    DMA1_Channel3_IRQHandler                 0x0800015f   Thumb Code     0  startup_stm32f10x_hd.o(.text)
    DMA1_Channel4_IRQHandler                 0x0800015f   Thumb Code     0  startup_stm32f10x_hd.o(.text)
    DMA1_Channel5_IRQHandler                 0x0800015f   Thumb Code     0  startup_stm32f10x_hd.o(.text)
    DMA1_Channel6_IRQHandler                 0x0800015f   Thumb Code     0  startup_stm32f10x_hd.o(.text)
    DMA1_Channel7_IRQHandler                 0x0800015f   Thumb Code     0  startup_stm32f10x_hd.o(.text)
    DMA2_Channel1_IRQHandler                 0x0800015f   Thumb Code     0  startup_stm32f10x_hd.o(.text)
    DMA2_Channel2_IRQHandler                 0x0800015f   Thumb Code     0  startup_stm32f10x_hd.o(.text)
    DMA2_Channel3_IRQHandler                 0x0800015f   Thumb Code     0  startup_stm32f10x_hd.o(.text)
    DMA2_Channel4_5_IRQHandler               0x0800015f   Thumb Code     0  startup_stm32f10x_hd.o(.text)
    EXTI1_IRQHandler                         0x0800015f   Thumb Code     0  startup_stm32f10x_hd.o(.text)
    EXTI2_IRQHandler                         0x0800015f   Thumb Code     0  startup_stm32f10x_hd.o(.text)
    EXTI3_IRQHandler                         0x0800015f   Thumb Code     0  startup_stm32f10x_hd.o(.text)
    EXTI9_5_IRQHandler                       0x0800015f   Thumb Code     0  startup_stm32f10x_hd.o(.text)
    FLASH_IRQHandler                         0x0800015f   Thumb Code     0  startup_stm32f10x_hd.o(.text)
    FSMC_IRQHandler                          0x0800015f   Thumb Code     0  startup_stm32f10x_hd.o(.text)
    I2C1_ER_IRQHandler                       0x0800015f   Thumb Code     0  startup_stm32f10x_hd.o(.text)
    I2C1_EV_IRQHandler                       0x0800015f   Thumb Code     0  startup_stm32f10x_hd.o(.text)
    I2C2_ER_IRQHandler                       0x0800015f   Thumb Code     0  startup_stm32f10x_hd.o(.text)
    I2C2_EV_IRQHandler                       0x0800015f   Thumb Code     0  startup_stm32f10x_hd.o(.text)
    PVD_IRQHandler                           0x0800015f   Thumb Code     0  startup_stm32f10x_hd.o(.text)
    RCC_IRQHandler                           0x0800015f   Thumb Code     0  startup_stm32f10x_hd.o(.text)
    RTCAlarm_IRQHandler                      0x0800015f   Thumb Code     0  startup_stm32f10x_hd.o(.text)
    SDIO_IRQHandler                          0x0800015f   Thumb Code     0  startup_stm32f10x_hd.o(.text)
    SPI1_IRQHandler                          0x0800015f   Thumb Code     0  startup_stm32f10x_hd.o(.text)
    SPI2_IRQHandler                          0x0800015f   Thumb Code     0  startup_stm32f10x_hd.o(.text)
    SPI3_IRQHandler                          0x0800015f   Thumb Code     0  startup_stm32f10x_hd.o(.text)
    TAMPER_IRQHandler                        0x0800015f   Thumb Code     0  startup_stm32f10x_hd.o(.text)
    TIM1_BRK_IRQHandler                      0x0800015f   Thumb Code     0  startup_stm32f10x_hd.o(.text)
    TIM1_CC_IRQHandler                       0x0800015f   Thumb Code     0  startup_stm32f10x_hd.o(.text)
    TIM1_TRG_COM_IRQHandler                  0x0800015f   Thumb Code     0  startup_stm32f10x_hd.o(.text)
    TIM1_UP_IRQHandler                       0x0800015f   Thumb Code     0  startup_stm32f10x_hd.o(.text)
    TIM3_IRQHandler                          0x0800015f   Thumb Code     0  startup_stm32f10x_hd.o(.text)
    TIM4_IRQHandler                          0x0800015f   Thumb Code     0  startup_stm32f10x_hd.o(.text)
    TIM5_IRQHandler                          0x0800015f   Thumb Code     0  startup_stm32f10x_hd.o(.text)
    TIM8_BRK_IRQHandler                      0x0800015f   Thumb Code     0  startup_stm32f10x_hd.o(.text)
    TIM8_CC_IRQHandler                       0x0800015f   Thumb Code     0  startup_stm32f10x_hd.o(.text)
    TIM8_TRG_COM_IRQHandler                  0x0800015f   Thumb Code     0  startup_stm32f10x_hd.o(.text)
    TIM8_UP_IRQHandler                       0x0800015f   Thumb Code     0  startup_stm32f10x_hd.o(.text)
    UART4_IRQHandler                         0x0800015f   Thumb Code     0  startup_stm32f10x_hd.o(.text)
    UART5_IRQHandler                         0x0800015f   Thumb Code     0  startup_stm32f10x_hd.o(.text)
    USART1_IRQHandler                        0x0800015f   Thumb Code     0  startup_stm32f10x_hd.o(.text)
    USART2_IRQHandler                        0x0800015f   Thumb Code     0  startup_stm32f10x_hd.o(.text)
    USART3_IRQHandler                        0x0800015f   Thumb Code     0  startup_stm32f10x_hd.o(.text)
    USBWakeUp_IRQHandler                     0x0800015f   Thumb Code     0  startup_stm32f10x_hd.o(.text)
    USB_HP_CAN1_TX_IRQHandler                0x0800015f   Thumb Code     0  startup_stm32f10x_hd.o(.text)
    USB_LP_CAN1_RX0_IRQHandler               0x0800015f   Thumb Code     0  startup_stm32f10x_hd.o(.text)
    WWDG_IRQHandler                          0x0800015f   Thumb Code     0  startup_stm32f10x_hd.o(.text)
    __aeabi_memset                           0x08000169   Thumb Code    14  memseta.o(.text)
    __aeabi_memset4                          0x08000169   Thumb Code     0  memseta.o(.text)
    __aeabi_memset8                          0x08000169   Thumb Code     0  memseta.o(.text)
    __aeabi_memclr                           0x08000177   Thumb Code     4  memseta.o(.text)
    __aeabi_memclr4                          0x08000177   Thumb Code     0  memseta.o(.text)
    __aeabi_memclr8                          0x08000177   Thumb Code     0  memseta.o(.text)
    _memset$wrapper                          0x0800017b   Thumb Code    18  memseta.o(.text)
    strlen                                   0x0800018d   Thumb Code    14  strlen.o(.text)
    __aeabi_dadd                             0x0800019b   Thumb Code   322  dadd.o(.text)
    __aeabi_dsub                             0x080002dd   Thumb Code     6  dadd.o(.text)
    __aeabi_drsub                            0x080002e3   Thumb Code     6  dadd.o(.text)
    __aeabi_dmul                             0x080002e9   Thumb Code   228  dmul.o(.text)
    __aeabi_ddiv                             0x080003cd   Thumb Code   222  ddiv.o(.text)
    __aeabi_i2d                              0x080004ab   Thumb Code    34  dflti.o(.text)
    __aeabi_ui2d                             0x080004cd   Thumb Code    26  dfltui.o(.text)
    __aeabi_d2iz                             0x080004e7   Thumb Code    62  dfixi.o(.text)
    __aeabi_d2uiz                            0x08000525   Thumb Code    50  dfixui.o(.text)
    __aeabi_f2d                              0x08000557   Thumb Code    38  f2d.o(.text)
    __aeabi_cdcmpeq                          0x0800057d   Thumb Code     0  cdcmple.o(.text)
    __aeabi_cdcmple                          0x0800057d   Thumb Code    38  cdcmple.o(.text)
    __aeabi_d2f                              0x080005a5   Thumb Code    56  d2f.o(.text)
    __aeabi_uidiv                            0x080005dd   Thumb Code     0  uidiv.o(.text)
    __aeabi_uidivmod                         0x080005dd   Thumb Code    44  uidiv.o(.text)
    __aeabi_llsl                             0x08000609   Thumb Code    30  llshl.o(.text)
    _ll_shift_l                              0x08000609   Thumb Code     0  llshl.o(.text)
    __aeabi_llsr                             0x08000627   Thumb Code    32  llushr.o(.text)
    _ll_ushift_r                             0x08000627   Thumb Code     0  llushr.o(.text)
    __aeabi_lasr                             0x08000647   Thumb Code    36  llsshr.o(.text)
    _ll_sshift_r                             0x08000647   Thumb Code     0  llsshr.o(.text)
    __I$use$fp                               0x0800066b   Thumb Code     0  iusefp.o(.text)
    _float_round                             0x0800066b   Thumb Code    18  fepilogue.o(.text)
    _float_epilogue                          0x0800067d   Thumb Code    92  fepilogue.o(.text)
    _double_round                            0x080006d9   Thumb Code    26  depilogue.o(.text)
    _double_epilogue                         0x080006f3   Thumb Code   156  depilogue.o(.text)
    __ARM_scalbn                             0x0800078f   Thumb Code    46  dscalb.o(.text)
    scalbn                                   0x0800078f   Thumb Code     0  dscalb.o(.text)
    __scatterload                            0x080007bd   Thumb Code    28  init.o(.text)
    __scatterload_rt2                        0x080007bd   Thumb Code     0  init.o(.text)
    BKP_DeInit                               0x080007e1   Thumb Code    16  stm32f10x_bkp.o(i.BKP_DeInit)
    __I$use$semihosting$fputc                0x080007e1   Thumb Code     0  iusesemip.o(.text)
    __semihosting_library_function           0x080007e1   Thumb Code     0  semi.o(.text)
    BusFault_Handler                         0x080007f1   Thumb Code     4  stm32f10x_it.o(i.BusFault_Handler)
    Cal_Time                                 0x080007f5   Thumb Code   210  main.o(i.Cal_Time)
    DebugMon_Handler                         0x080008d1   Thumb Code     2  stm32f10x_it.o(i.DebugMon_Handler)
    Delay                                    0x080008d3   Thumb Code    10  main.o(i.Delay)
    Drawing                                  0x080008dd   Thumb Code  2034  main.o(i.Drawing)
    EXTI0_IRQHandler                         0x080010e5   Thumb Code    88  stm32f10x_it.o(i.EXTI0_IRQHandler)
    EXTI15_10_IRQHandler                     0x08001145   Thumb Code    94  stm32f10x_it.o(i.EXTI15_10_IRQHandler)
    EXTI4_IRQHandler                         0x080011ad   Thumb Code    38  stm32f10x_it.o(i.EXTI4_IRQHandler)
    EXTI_ClearITPendingBit                   0x080011dd   Thumb Code     6  stm32f10x_exti.o(i.EXTI_ClearITPendingBit)
    EXTI_GetITStatus                         0x080011e9   Thumb Code    34  stm32f10x_exti.o(i.EXTI_GetITStatus)
    EXTI_Init                                0x08001211   Thumb Code   142  stm32f10x_exti.o(i.EXTI_Init)
    FLASH_SPI_initialize                     0x080012a5   Thumb Code   198  fatfs_flash_spi.o(i.FLASH_SPI_initialize)
    FSMC_NORSRAMCmd                          0x0800137d   Thumb Code    46  stm32f10x_fsmc.o(i.FSMC_NORSRAMCmd)
    FSMC_NORSRAMInit                         0x080013b1   Thumb Code   230  stm32f10x_fsmc.o(i.FSMC_NORSRAMInit)
    Flash_TouchCalibrate                     0x08001499   Thumb Code    78  main.o(i.Flash_TouchCalibrate)
    GPIO_Configuration                       0x080014ed   Thumb Code   104  main.o(i.GPIO_Configuration)
    GPIO_EXTILineConfig                      0x08001561   Thumb Code    60  stm32f10x_gpio.o(i.GPIO_EXTILineConfig)
    GPIO_Init                                0x080015a1   Thumb Code   278  stm32f10x_gpio.o(i.GPIO_Init)
    GPIO_ReadInputDataBit                    0x080016b7   Thumb Code    18  stm32f10x_gpio.o(i.GPIO_ReadInputDataBit)
    GPIO_ResetBits                           0x080016c9   Thumb Code     4  stm32f10x_gpio.o(i.GPIO_ResetBits)
    GPIO_SetBits                             0x080016cd   Thumb Code     4  stm32f10x_gpio.o(i.GPIO_SetBits)
    GetGBKCode_from_EXFlash                  0x080016d1   Thumb Code    52  fatfs_flash_spi.o(i.GetGBKCode_from_EXFlash)
    Get_TouchKey                             0x08001705   Thumb Code  1278  main.o(i.Get_TouchKey)
    Get_Week                                 0x08001c0d   Thumb Code   118  main.o(i.Get_Week)
    HardFault_Handler                        0x08001c83   Thumb Code     4  stm32f10x_it.o(i.HardFault_Handler)
    ILI9341_BackLed_Control                  0x08001c89   Thumb Code    30  bsp_ili9341_lcd.o(i.ILI9341_BackLed_Control)
    ILI9341_Clear                            0x08001cad   Thumb Code    42  bsp_ili9341_lcd.o(i.ILI9341_Clear)
    ILI9341_DispChar_CH                      0x08001ce9   Thumb Code   136  bsp_ili9341_lcd.o(i.ILI9341_DispChar_CH)
    ILI9341_DispChar_EN                      0x08001d71   Thumb Code   104  bsp_ili9341_lcd.o(i.ILI9341_DispChar_EN)
    ILI9341_DispChar_EN_32                   0x08001ddd   Thumb Code   144  bsp_ili9341_lcd.o(i.ILI9341_DispChar_EN_32)
    ILI9341_DispChar_EN_48                   0x08001e71   Thumb Code   206  bsp_ili9341_lcd.o(i.ILI9341_DispChar_EN_48)
    ILI9341_DispString_CH                    0x08001f45   Thumb Code    92  bsp_ili9341_lcd.o(i.ILI9341_DispString_CH)
    ILI9341_DispString_EN                    0x08001fa1   Thumb Code    82  bsp_ili9341_lcd.o(i.ILI9341_DispString_EN)
    ILI9341_DispString_EN_32                 0x08001ff3   Thumb Code    82  bsp_ili9341_lcd.o(i.ILI9341_DispString_EN_32)
    ILI9341_DispString_EN_48                 0x08002045   Thumb Code    82  bsp_ili9341_lcd.o(i.ILI9341_DispString_EN_48)
    ILI9341_DispString_EN_CH                 0x08002097   Thumb Code   154  bsp_ili9341_lcd.o(i.ILI9341_DispString_EN_CH)
    ILI9341_DrawCircle                       0x08002131   Thumb Code   344  bsp_ili9341_lcd.o(i.ILI9341_DrawCircle)
    ILI9341_DrawLine                         0x080022bd   Thumb Code   174  bsp_ili9341_lcd.o(i.ILI9341_DrawLine)
    ILI9341_DrawRectangle                    0x0800236b   Thumb Code   140  bsp_ili9341_lcd.o(i.ILI9341_DrawRectangle)
    ILI9341_GramScan                         0x08002561   Thumb Code   328  bsp_ili9341_lcd.o(i.ILI9341_GramScan)
    ILI9341_Init                             0x080026a9   Thumb Code    26  bsp_ili9341_lcd.o(i.ILI9341_Init)
    ILI9341_OpenWindow                       0x080026c3   Thumb Code    96  bsp_ili9341_lcd.o(i.ILI9341_OpenWindow)
    ILI9341_Rst                              0x08002955   Thumb Code    32  bsp_ili9341_lcd.o(i.ILI9341_Rst)
    ILI9341_SetPointPixel                    0x08002991   Thumb Code    36  bsp_ili9341_lcd.o(i.ILI9341_SetPointPixel)
    ILI9341_Write_Cmd                        0x080029b5   Thumb Code     8  bsp_ili9341_lcd.o(i.ILI9341_Write_Cmd)
    ILI9341_Write_Data                       0x080029bd   Thumb Code     6  bsp_ili9341_lcd.o(i.ILI9341_Write_Data)
    Is_LeapYear                              0x080029c9   Thumb Code    58  main.o(i.Is_LeapYear)
    KeyScan                                  0x08002a05   Thumb Code    90  main.o(i.KeyScan)
    LCD_Init                                 0x08002a69   Thumb Code    12  bsp_lcd.o(i.LCD_Init)
    MemManage_Handler                        0x08002a75   Thumb Code     4  stm32f10x_it.o(i.MemManage_Handler)
    NMI_Handler                              0x08002a79   Thumb Code     2  stm32f10x_it.o(i.NMI_Handler)
    NVIC_Configuration                       0x08002a7b   Thumb Code   120  main.o(i.NVIC_Configuration)
    NVIC_Init                                0x08002af5   Thumb Code   100  misc.o(i.NVIC_Init)
    NVIC_PriorityGroupConfig                 0x08002b65   Thumb Code    10  misc.o(i.NVIC_PriorityGroupConfig)
    PWR_BackupAccessCmd                      0x08002b79   Thumb Code     6  stm32f10x_pwr.o(i.PWR_BackupAccessCmd)
    PendSV_Handler                           0x08002b85   Thumb Code     2  stm32f10x_it.o(i.PendSV_Handler)
    RCC_AHBPeriphClockCmd                    0x08002b89   Thumb Code    26  stm32f10x_rcc.o(i.RCC_AHBPeriphClockCmd)
    RCC_APB1PeriphClockCmd                   0x08002ba9   Thumb Code    26  stm32f10x_rcc.o(i.RCC_APB1PeriphClockCmd)
    RCC_APB1PeriphResetCmd                   0x08002bc9   Thumb Code    26  stm32f10x_rcc.o(i.RCC_APB1PeriphResetCmd)
    RCC_APB2PeriphClockCmd                   0x08002be9   Thumb Code    26  stm32f10x_rcc.o(i.RCC_APB2PeriphClockCmd)
    RCC_APB2PeriphResetCmd                   0x08002c09   Thumb Code    26  stm32f10x_rcc.o(i.RCC_APB2PeriphResetCmd)
    RCC_BackupResetCmd                       0x08002c29   Thumb Code     6  stm32f10x_rcc.o(i.RCC_BackupResetCmd)
    RCC_GetFlagStatus                        0x08002c35   Thumb Code    56  stm32f10x_rcc.o(i.RCC_GetFlagStatus)
    RCC_LSEConfig                            0x08002c71   Thumb Code    46  stm32f10x_rcc.o(i.RCC_LSEConfig)
    RCC_RTCCLKCmd                            0x08002ca5   Thumb Code     6  stm32f10x_rcc.o(i.RCC_RTCCLKCmd)
    RCC_RTCCLKConfig                         0x08002cb1   Thumb Code    12  stm32f10x_rcc.o(i.RCC_RTCCLKConfig)
    RTC_ClearITPendingBit                    0x08002cc1   Thumb Code    12  stm32f10x_rtc.o(i.RTC_ClearITPendingBit)
    RTC_Configuration                        0x08002cd1   Thumb Code    94  main.o(i.RTC_Configuration)
    RTC_EnterConfigMode                      0x08002d31   Thumb Code    14  stm32f10x_rtc.o(i.RTC_EnterConfigMode)
    RTC_ExitConfigMode                       0x08002d45   Thumb Code    16  stm32f10x_rtc.o(i.RTC_ExitConfigMode)
    RTC_GetCounter                           0x08002d59   Thumb Code    16  stm32f10x_rtc.o(i.RTC_GetCounter)
    RTC_GetITStatus                          0x08002d6d   Thumb Code    32  stm32f10x_rtc.o(i.RTC_GetITStatus)
    RTC_IRQHandler                           0x08002d91   Thumb Code    34  stm32f10x_it.o(i.RTC_IRQHandler)
    RTC_ITConfig                             0x08002dbd   Thumb Code    26  stm32f10x_rtc.o(i.RTC_ITConfig)
    RTC_SetCounter                           0x08002ddd   Thumb Code    24  stm32f10x_rtc.o(i.RTC_SetCounter)
    RTC_SetPrescaler                         0x08002df9   Thumb Code    26  stm32f10x_rtc.o(i.RTC_SetPrescaler)
    RTC_WaitForLastTask                      0x08002e19   Thumb Code    16  stm32f10x_rtc.o(i.RTC_WaitForLastTask)
    RTC_WaitForSynchro                       0x08002e2d   Thumb Code    30  stm32f10x_rtc.o(i.RTC_WaitForSynchro)
    Read_RTCTime                             0x08002e51   Thumb Code    22  main.o(i.Read_RTCTime)
    SPI_Cmd                                  0x08002e67   Thumb Code    24  stm32f10x_spi.o(i.SPI_Cmd)
    SPI_FLASH_BufferRead                     0x08002e81   Thumb Code    74  fatfs_flash_spi.o(i.SPI_FLASH_BufferRead)
    SPI_FLASH_BufferWrite                    0x08002ed1   Thumb Code   290  fatfs_flash_spi.o(i.SPI_FLASH_BufferWrite)
    SPI_FLASH_PageWrite                      0x08002ff5   Thumb Code    92  fatfs_flash_spi.o(i.SPI_FLASH_PageWrite)
    SPI_FLASH_ReadDeviceID                   0x08003055   Thumb Code    56  fatfs_flash_spi.o(i.SPI_FLASH_ReadDeviceID)
    SPI_FLASH_ReadID                         0x08003091   Thumb Code    74  fatfs_flash_spi.o(i.SPI_FLASH_ReadID)
    SPI_FLASH_SectorErase                    0x080030e1   Thumb Code    62  fatfs_flash_spi.o(i.SPI_FLASH_SectorErase)
    SPI_FLASH_SendByte                       0x08003125   Thumb Code   106  fatfs_flash_spi.o(i.SPI_FLASH_SendByte)
    SPI_FLASH_WaitForWriteEnd                0x08003199   Thumb Code    74  fatfs_flash_spi.o(i.SPI_FLASH_WaitForWriteEnd)
    SPI_FLASH_WriteEnable                    0x080031ed   Thumb Code    26  fatfs_flash_spi.o(i.SPI_FLASH_WriteEnable)
    SPI_I2S_GetFlagStatus                    0x0800320d   Thumb Code    18  stm32f10x_spi.o(i.SPI_I2S_GetFlagStatus)
    SPI_I2S_ReceiveData                      0x0800321f   Thumb Code     6  stm32f10x_spi.o(i.SPI_I2S_ReceiveData)
    SPI_I2S_SendData                         0x08003225   Thumb Code     4  stm32f10x_spi.o(i.SPI_I2S_SendData)
    SPI_Init                                 0x08003229   Thumb Code    60  stm32f10x_spi.o(i.SPI_Init)
    SVC_Handler                              0x08003299   Thumb Code     2  stm32f10x_it.o(i.SVC_Handler)
    Set_RTCTime                              0x08003385   Thumb Code   180  main.o(i.Set_RTCTime)
    SysTick_Handler                          0x08003449   Thumb Code     2  stm32f10x_it.o(i.SysTick_Handler)
    SystemConfiguration                      0x0800344b   Thumb Code    44  main.o(i.SystemConfiguration)
    SystemInit                               0x08003479   Thumb Code    78  system_stm32f10x.o(i.SystemInit)
    TIM1_Configuration                       0x080034d9   Thumb Code   148  main.o(i.TIM1_Configuration)
    TIM2_Configuration                       0x08003575   Thumb Code    68  main.o(i.TIM2_Configuration)
    TIM2_IRQHandler                          0x080035b9   Thumb Code    50  stm32f10x_it.o(i.TIM2_IRQHandler)
    TIM6_Configuration                       0x080035f5   Thumb Code    58  main.o(i.TIM6_Configuration)
    TIM6_IRQHandler                          0x08003635   Thumb Code   360  stm32f10x_it.o(i.TIM6_IRQHandler)
    TIM7_Configuration                       0x080037c9   Thumb Code    52  main.o(i.TIM7_Configuration)
    TIM7_IRQHandler                          0x08003801   Thumb Code    94  stm32f10x_it.o(i.TIM7_IRQHandler)
    TIM_ClearITPendingBit                    0x0800386d   Thumb Code     6  stm32f10x_tim.o(i.TIM_ClearITPendingBit)
    TIM_Cmd                                  0x08003873   Thumb Code    24  stm32f10x_tim.o(i.TIM_Cmd)
    TIM_CtrlPWMOutputs                       0x0800388b   Thumb Code    30  stm32f10x_tim.o(i.TIM_CtrlPWMOutputs)
    TIM_DeInit                               0x080038a9   Thumb Code   424  stm32f10x_tim.o(i.TIM_DeInit)
    TIM_GetITStatus                          0x08003a91   Thumb Code    34  stm32f10x_tim.o(i.TIM_GetITStatus)
    TIM_ITConfig                             0x08003ab3   Thumb Code    18  stm32f10x_tim.o(i.TIM_ITConfig)
    TIM_OC1Init                              0x08003ac5   Thumb Code   132  stm32f10x_tim.o(i.TIM_OC1Init)
    TIM_OC1PreloadConfig                     0x08003b5d   Thumb Code    18  stm32f10x_tim.o(i.TIM_OC1PreloadConfig)
    TIM_TimeBaseInit                         0x08003b71   Thumb Code   122  stm32f10x_tim.o(i.TIM_TimeBaseInit)
    TP_Scan                                  0x08003c15   Thumb Code   128  bsp_xpt2046_lcd.o(i.TP_Scan)
    UI00                                     0x08003ca1   Thumb Code  1266  main.o(i.UI00)
    UI01                                     0x08004195   Thumb Code  1606  main.o(i.UI01)
    UI02                                     0x080047ed   Thumb Code  1638  main.o(i.UI02)
    UI03                                     0x08004e5d   Thumb Code  1530  main.o(i.UI03)
    UI04                                     0x08005465   Thumb Code   776  main.o(i.UI04)
    UI05                                     0x080057e5   Thumb Code     2  main.o(i.UI05)
    UI06                                     0x080057e9   Thumb Code   694  main.o(i.UI06)
    UI10                                     0x08005b01   Thumb Code  3014  main.o(i.UI10)
    UI11                                     0x080066d9   Thumb Code   422  main.o(i.UI11)
    UI12                                     0x08006905   Thumb Code   422  main.o(i.UI12)
    UI20                                     0x08006b0d   Thumb Code   172  main.o(i.UI20)
    UsageFault_Handler                       0x08006bfd   Thumb Code     4  stm32f10x_it.o(i.UsageFault_Handler)
    XPT2046_Get_TouchedPoint                 0x08006e75   Thumb Code   202  bsp_xpt2046_lcd.o(i.XPT2046_Get_TouchedPoint)
    XPT2046_Init                             0x08006f3f   Thumb Code    12  bsp_xpt2046_lcd.o(i.XPT2046_Init)
    XPT2046_Touch_Calibrate                  0x0800725d   Thumb Code   922  bsp_xpt2046_lcd.o(i.XPT2046_Touch_Calibrate)
    __0printf$6                              0x080076bd   Thumb Code    22  printf6.o(i.__0printf$6)
    __1printf$6                              0x080076bd   Thumb Code     0  printf6.o(i.__0printf$6)
    __2printf                                0x080076bd   Thumb Code     0  printf6.o(i.__0printf$6)
    __0sprintf$6                             0x080076dd   Thumb Code    34  printf6.o(i.__0sprintf$6)
    __1sprintf$6                             0x080076dd   Thumb Code     0  printf6.o(i.__0sprintf$6)
    __2sprintf                               0x080076dd   Thumb Code     0  printf6.o(i.__0sprintf$6)
    __ARM_fpclassify                         0x08007705   Thumb Code    40  fpclassify.o(i.__ARM_fpclassify)
    __ieee754_rem_pio2                       0x0800772d   Thumb Code   830  rred.o(i.__ieee754_rem_pio2)
    __kernel_cos                             0x08007ab5   Thumb Code   230  cos_i.o(i.__kernel_cos)
    __kernel_poly                            0x08007bb1   Thumb Code   170  poly.o(i.__kernel_poly)
    __kernel_sin                             0x08007c5d   Thumb Code   224  sin_i.o(i.__kernel_sin)
    __mathlib_dbl_underflow                  0x08007d49   Thumb Code    10  dunder.o(i.__mathlib_dbl_underflow)
    __scatterload_copy                       0x08007d59   Thumb Code    14  handlers.o(i.__scatterload_copy)
    __scatterload_null                       0x08007d67   Thumb Code     2  handlers.o(i.__scatterload_null)
    __scatterload_zeroinit                   0x08007d69   Thumb Code    14  handlers.o(i.__scatterload_zeroinit)
    __set_errno                              0x08007d79   Thumb Code     6  errno.o(i.__set_errno)
    cos                                      0x080080d1   Thumb Code   164  cos.o(i.cos)
    fputc                                    0x0800817d   Thumb Code    18  fputc.o(i.fputc)
    main                                     0x08008191   Thumb Code   204  main.o(i.main)
    sin                                      0x08008269   Thumb Code   166  sin.o(i.sin)
    DayTab_Han                               0x08008318   Data          21  main.o(.constdata)
    LunarMonthName                           0x0800832d   Data          65  main.o(.constdata)
    DayTab                                   0x0800836e   Data          28  main.o(.constdata)
    DateMaxTab                               0x0800838a   Data          13  main.o(.constdata)
    DayDay                                   0x08008397   Data         256  main.o(.constdata)
    ucAscii_1608                             0x08008497   Data        1520  bsp_ili9341_lcd.o(.constdata)
    ucAscii_3216                             0x08008a87   Data        6080  bsp_ili9341_lcd.o(.constdata)
    ucAscii_4824                             0x0800a247   Data       13680  bsp_ili9341_lcd.o(.constdata)
    Region$$Table$$Base                      0x0800d8d8   Number         0  anon$$obj.o(Region$$Table)
    Region$$Table$$Limit                     0x0800d8f8   Number         0  anon$$obj.o(Region$$Table)
    KeyNum                                   0x20000000   Data           2  main.o(.data)
    KeyCnt                                   0x20000004   Data           4  main.o(.data)
    KeyUpCnt                                 0x20000008   Data           4  main.o(.data)
    UICnt                                    0x2000000c   Data           1  main.o(.data)
    UIRep                                    0x2000000d   Data           1  main.o(.data)
    RealTime                                 0x2000000e   Data           8  main.o(.data)
    Calendar                                 0x20000016   Data           4  main.o(.data)
    LunarCalendar                            0x2000001a   Data           4  main.o(.data)
    Cho                                      0x2000001e   Data           1  main.o(.data)
    flag_TIM2                                0x20000020   Data           4  main.o(.data)
    RTC_flag                                 0x20000024   Data           4  main.o(.data)
    strXPT2046_TouchPara                     0x20000028   Data          48  bsp_xpt2046_lcd.o(.data)
    ucXPT2046_TouchFlag                      0x20000058   Data           1  bsp_xpt2046_lcd.o(.data)
    __stdout                                 0x20000074   Data           4  stdout.o(.data)
    tp_dev                                   0x2000007c   Data          10  bsp_xpt2046_lcd.o(.bss)
    __initial_sp                             0x20000488   Data           0  startup_stm32f10x_hd.o(STACK)



==============================================================================

Memory Map of the image

  Image Entry point : 0x08000131

  Load Region LR_IROM1 (Base: 0x08000000, Size: 0x0000d974, Max: 0x00080000, ABSOLUTE)

    Execution Region ER_IROM1 (Base: 0x08000000, Size: 0x0000d8f8, Max: 0x00080000, ABSOLUTE)

    Base Addr    Size         Type   Attr      Idx    E Section Name        Object

    0x08000000   0x00000130   Data   RO            3    RESET               startup_stm32f10x_hd.o
    0x08000130   0x00000000   Code   RO         2444  * .ARM.Collect$$$$00000000  mc_w.l(entry.o)
    0x08000130   0x00000004   Code   RO         2746    .ARM.Collect$$$$00000001  mc_w.l(entry2.o)
    0x08000134   0x00000004   Code   RO         2749    .ARM.Collect$$$$00000004  mc_w.l(entry5.o)
    0x08000138   0x00000000   Code   RO         2751    .ARM.Collect$$$$00000008  mc_w.l(entry7b.o)
    0x08000138   0x00000000   Code   RO         2753    .ARM.Collect$$$$0000000A  mc_w.l(entry8b.o)
    0x08000138   0x00000008   Code   RO         2754    .ARM.Collect$$$$0000000B  mc_w.l(entry9a.o)
    0x08000140   0x00000000   Code   RO         2756    .ARM.Collect$$$$0000000D  mc_w.l(entry10a.o)
    0x08000140   0x00000000   Code   RO         2758    .ARM.Collect$$$$0000000F  mc_w.l(entry11a.o)
    0x08000140   0x00000004   Code   RO         2747    .ARM.Collect$$$$00002712  mc_w.l(entry2.o)
    0x08000144   0x00000024   Code   RO            4    .text               startup_stm32f10x_hd.o
    0x08000168   0x00000024   Code   RO         2447    .text               mc_w.l(memseta.o)
    0x0800018c   0x0000000e   Code   RO         2449    .text               mc_w.l(strlen.o)
    0x0800019a   0x0000014e   Code   RO         2712    .text               mf_w.l(dadd.o)
    0x080002e8   0x000000e4   Code   RO         2714    .text               mf_w.l(dmul.o)
    0x080003cc   0x000000de   Code   RO         2716    .text               mf_w.l(ddiv.o)
    0x080004aa   0x00000022   Code   RO         2718    .text               mf_w.l(dflti.o)
    0x080004cc   0x0000001a   Code   RO         2720    .text               mf_w.l(dfltui.o)
    0x080004e6   0x0000003e   Code   RO         2722    .text               mf_w.l(dfixi.o)
    0x08000524   0x00000032   Code   RO         2724    .text               mf_w.l(dfixui.o)
    0x08000556   0x00000026   Code   RO         2726    .text               mf_w.l(f2d.o)
    0x0800057c   0x00000028   Code   RO         2728    .text               mf_w.l(cdcmple.o)
    0x080005a4   0x00000038   Code   RO         2730    .text               mf_w.l(d2f.o)
    0x080005dc   0x0000002c   Code   RO         2763    .text               mc_w.l(uidiv.o)
    0x08000608   0x0000001e   Code   RO         2767    .text               mc_w.l(llshl.o)
    0x08000626   0x00000020   Code   RO         2769    .text               mc_w.l(llushr.o)
    0x08000646   0x00000024   Code   RO         2771    .text               mc_w.l(llsshr.o)
    0x0800066a   0x00000000   Code   RO         2780    .text               mc_w.l(iusefp.o)
    0x0800066a   0x0000006e   Code   RO         2781    .text               mf_w.l(fepilogue.o)
    0x080006d8   0x000000b6   Code   RO         2783    .text               mf_w.l(depilogue.o)
    0x0800078e   0x0000002e   Code   RO         2785    .text               mf_w.l(dscalb.o)
    0x080007bc   0x00000024   Code   RO         2797    .text               mc_w.l(init.o)
    0x080007e0   0x00000000   Code   RO         2799    .text               mc_w.l(semi.o)
    0x080007e0   0x00000000   Code   RO         2800    .text               mc_w.l(iusesemip.o)
    0x080007e0   0x00000010   Code   RO          775    i.BKP_DeInit        stm32f10x_bkp.o
    0x080007f0   0x00000004   Code   RO         2252    i.BusFault_Handler  stm32f10x_it.o
    0x080007f4   0x000000dc   Code   RO         1550    i.Cal_Time          main.o
    0x080008d0   0x00000002   Code   RO         2253    i.DebugMon_Handler  stm32f10x_it.o
    0x080008d2   0x0000000a   Code   RO         1551    i.Delay             main.o
    0x080008dc   0x00000808   Code   RO         1552    i.Drawing           main.o
    0x080010e4   0x00000060   Code   RO         2254    i.EXTI0_IRQHandler  stm32f10x_it.o
    0x08001144   0x00000068   Code   RO         2255    i.EXTI15_10_IRQHandler  stm32f10x_it.o
    0x080011ac   0x00000030   Code   RO         2256    i.EXTI4_IRQHandler  stm32f10x_it.o
    0x080011dc   0x0000000c   Code   RO          456    i.EXTI_ClearITPendingBit  stm32f10x_exti.o
    0x080011e8   0x00000028   Code   RO          460    i.EXTI_GetITStatus  stm32f10x_exti.o
    0x08001210   0x00000094   Code   RO          461    i.EXTI_Init         stm32f10x_exti.o
    0x080012a4   0x000000d8   Code   RO         2136    i.FLASH_SPI_initialize  fatfs_flash_spi.o
    0x0800137c   0x00000034   Code   RO          520    i.FSMC_NORSRAMCmd   stm32f10x_fsmc.o
    0x080013b0   0x000000e6   Code   RO          522    i.FSMC_NORSRAMInit  stm32f10x_fsmc.o
    0x08001496   0x00000002   PAD
    0x08001498   0x00000054   Code   RO         1553    i.Flash_TouchCalibrate  main.o
    0x080014ec   0x00000074   Code   RO         1554    i.GPIO_Configuration  main.o
    0x08001560   0x00000040   Code   RO          104    i.GPIO_EXTILineConfig  stm32f10x_gpio.o
    0x080015a0   0x00000116   Code   RO          107    i.GPIO_Init         stm32f10x_gpio.o
    0x080016b6   0x00000012   Code   RO          111    i.GPIO_ReadInputDataBit  stm32f10x_gpio.o
    0x080016c8   0x00000004   Code   RO          114    i.GPIO_ResetBits    stm32f10x_gpio.o
    0x080016cc   0x00000004   Code   RO          115    i.GPIO_SetBits      stm32f10x_gpio.o
    0x080016d0   0x00000034   Code   RO         2137    i.GetGBKCode_from_EXFlash  fatfs_flash_spi.o
    0x08001704   0x00000508   Code   RO         1556    i.Get_TouchKey      main.o
    0x08001c0c   0x00000076   Code   RO         1557    i.Get_Week          main.o
    0x08001c82   0x00000004   Code   RO         2257    i.HardFault_Handler  stm32f10x_it.o
    0x08001c86   0x00000002   PAD
    0x08001c88   0x00000024   Code   RO         1822    i.ILI9341_BackLed_Control  bsp_ili9341_lcd.o
    0x08001cac   0x0000002a   Code   RO         1823    i.ILI9341_Clear     bsp_ili9341_lcd.o
    0x08001cd6   0x00000012   Code   RO         1824    i.ILI9341_Delay     bsp_ili9341_lcd.o
    0x08001ce8   0x00000088   Code   RO         1825    i.ILI9341_DispChar_CH  bsp_ili9341_lcd.o
    0x08001d70   0x0000006c   Code   RO         1826    i.ILI9341_DispChar_EN  bsp_ili9341_lcd.o
    0x08001ddc   0x00000094   Code   RO         1827    i.ILI9341_DispChar_EN_32  bsp_ili9341_lcd.o
    0x08001e70   0x000000d4   Code   RO         1828    i.ILI9341_DispChar_EN_48  bsp_ili9341_lcd.o
    0x08001f44   0x0000005c   Code   RO         1829    i.ILI9341_DispString_CH  bsp_ili9341_lcd.o
    0x08001fa0   0x00000052   Code   RO         1830    i.ILI9341_DispString_EN  bsp_ili9341_lcd.o
    0x08001ff2   0x00000052   Code   RO         1831    i.ILI9341_DispString_EN_32  bsp_ili9341_lcd.o
    0x08002044   0x00000052   Code   RO         1832    i.ILI9341_DispString_EN_48  bsp_ili9341_lcd.o
    0x08002096   0x0000009a   Code   RO         1833    i.ILI9341_DispString_EN_CH  bsp_ili9341_lcd.o
    0x08002130   0x00000158   Code   RO         1834    i.ILI9341_DrawCircle  bsp_ili9341_lcd.o
    0x08002288   0x00000034   Code   RO         2041    i.ILI9341_DrawCross  bsp_xpt2046_lcd.o
    0x080022bc   0x000000ae   Code   RO         1835    i.ILI9341_DrawLine  bsp_ili9341_lcd.o
    0x0800236a   0x0000008c   Code   RO         1836    i.ILI9341_DrawRectangle  bsp_ili9341_lcd.o
    0x080023f6   0x00000064   Code   RO         1837    i.ILI9341_FSMC_Config  bsp_ili9341_lcd.o
    0x0800245a   0x00000020   Code   RO         1838    i.ILI9341_FillColor  bsp_ili9341_lcd.o
    0x0800247a   0x00000002   PAD
    0x0800247c   0x000000e4   Code   RO         1839    i.ILI9341_GPIO_Config  bsp_ili9341_lcd.o
    0x08002560   0x00000148   Code   RO         1841    i.ILI9341_GramScan  bsp_ili9341_lcd.o
    0x080026a8   0x0000001a   Code   RO         1842    i.ILI9341_Init      bsp_ili9341_lcd.o
    0x080026c2   0x00000060   Code   RO         1843    i.ILI9341_OpenWindow  bsp_ili9341_lcd.o
    0x08002722   0x00000002   PAD
    0x08002724   0x00000230   Code   RO         1844    i.ILI9341_REG_Config  bsp_ili9341_lcd.o
    0x08002954   0x00000028   Code   RO         1846    i.ILI9341_Rst       bsp_ili9341_lcd.o
    0x0800297c   0x00000014   Code   RO         1847    i.ILI9341_SetCursor  bsp_ili9341_lcd.o
    0x08002990   0x00000024   Code   RO         1848    i.ILI9341_SetPointPixel  bsp_ili9341_lcd.o
    0x080029b4   0x00000008   Code   RO         1983    i.ILI9341_Write_Cmd  bsp_ili9341_lcd.o
    0x080029bc   0x0000000c   Code   RO         1988    i.ILI9341_Write_Data  bsp_ili9341_lcd.o
    0x080029c8   0x0000003a   Code   RO         1558    i.Is_LeapYear       main.o
    0x08002a02   0x00000002   PAD
    0x08002a04   0x00000064   Code   RO         1559    i.KeyScan           main.o
    0x08002a68   0x0000000c   Code   RO         2019    i.LCD_Init          bsp_lcd.o
    0x08002a74   0x00000004   Code   RO         2258    i.MemManage_Handler  stm32f10x_it.o
    0x08002a78   0x00000002   Code   RO         2259    i.NMI_Handler       stm32f10x_it.o
    0x08002a7a   0x00000078   Code   RO         1560    i.NVIC_Configuration  main.o
    0x08002af2   0x00000002   PAD
    0x08002af4   0x00000070   Code   RO          419    i.NVIC_Init         misc.o
    0x08002b64   0x00000014   Code   RO          420    i.NVIC_PriorityGroupConfig  misc.o
    0x08002b78   0x0000000c   Code   RO          851    i.PWR_BackupAccessCmd  stm32f10x_pwr.o
    0x08002b84   0x00000002   Code   RO         2260    i.PendSV_Handler    stm32f10x_it.o
    0x08002b86   0x00000002   PAD
    0x08002b88   0x00000020   Code   RO          220    i.RCC_AHBPeriphClockCmd  stm32f10x_rcc.o
    0x08002ba8   0x00000020   Code   RO          221    i.RCC_APB1PeriphClockCmd  stm32f10x_rcc.o
    0x08002bc8   0x00000020   Code   RO          222    i.RCC_APB1PeriphResetCmd  stm32f10x_rcc.o
    0x08002be8   0x00000020   Code   RO          223    i.RCC_APB2PeriphClockCmd  stm32f10x_rcc.o
    0x08002c08   0x00000020   Code   RO          224    i.RCC_APB2PeriphResetCmd  stm32f10x_rcc.o
    0x08002c28   0x0000000c   Code   RO          226    i.RCC_BackupResetCmd  stm32f10x_rcc.o
    0x08002c34   0x0000003c   Code   RO          232    i.RCC_GetFlagStatus  stm32f10x_rcc.o
    0x08002c70   0x00000034   Code   RO          239    i.RCC_LSEConfig     stm32f10x_rcc.o
    0x08002ca4   0x0000000c   Code   RO          246    i.RCC_RTCCLKCmd     stm32f10x_rcc.o
    0x08002cb0   0x00000010   Code   RO          247    i.RCC_RTCCLKConfig  stm32f10x_rcc.o
    0x08002cc0   0x00000010   Code   RO          912    i.RTC_ClearITPendingBit  stm32f10x_rtc.o
    0x08002cd0   0x0000005e   Code   RO         1561    i.RTC_Configuration  main.o
    0x08002d2e   0x00000002   PAD
    0x08002d30   0x00000014   Code   RO          913    i.RTC_EnterConfigMode  stm32f10x_rtc.o
    0x08002d44   0x00000014   Code   RO          914    i.RTC_ExitConfigMode  stm32f10x_rtc.o
    0x08002d58   0x00000014   Code   RO          915    i.RTC_GetCounter    stm32f10x_rtc.o
    0x08002d6c   0x00000024   Code   RO          918    i.RTC_GetITStatus   stm32f10x_rtc.o
    0x08002d90   0x0000002c   Code   RO         2261    i.RTC_IRQHandler    stm32f10x_it.o
    0x08002dbc   0x00000020   Code   RO          919    i.RTC_ITConfig      stm32f10x_rtc.o
    0x08002ddc   0x0000001c   Code   RO          921    i.RTC_SetCounter    stm32f10x_rtc.o
    0x08002df8   0x00000020   Code   RO          922    i.RTC_SetPrescaler  stm32f10x_rtc.o
    0x08002e18   0x00000014   Code   RO          923    i.RTC_WaitForLastTask  stm32f10x_rtc.o
    0x08002e2c   0x00000024   Code   RO          924    i.RTC_WaitForSynchro  stm32f10x_rtc.o
    0x08002e50   0x00000016   Code   RO         1562    i.Read_RTCTime      main.o
    0x08002e66   0x00000018   Code   RO          634    i.SPI_Cmd           stm32f10x_spi.o
    0x08002e7e   0x00000002   PAD
    0x08002e80   0x00000050   Code   RO         2138    i.SPI_FLASH_BufferRead  fatfs_flash_spi.o
    0x08002ed0   0x00000122   Code   RO         2139    i.SPI_FLASH_BufferWrite  fatfs_flash_spi.o
    0x08002ff2   0x00000002   PAD
    0x08002ff4   0x00000060   Code   RO         2141    i.SPI_FLASH_PageWrite  fatfs_flash_spi.o
    0x08003054   0x0000003c   Code   RO         2143    i.SPI_FLASH_ReadDeviceID  fatfs_flash_spi.o
    0x08003090   0x00000050   Code   RO         2144    i.SPI_FLASH_ReadID  fatfs_flash_spi.o
    0x080030e0   0x00000044   Code   RO         2145    i.SPI_FLASH_SectorErase  fatfs_flash_spi.o
    0x08003124   0x00000074   Code   RO         2146    i.SPI_FLASH_SendByte  fatfs_flash_spi.o
    0x08003198   0x00000054   Code   RO         2149    i.SPI_FLASH_WaitForWriteEnd  fatfs_flash_spi.o
    0x080031ec   0x00000020   Code   RO         2150    i.SPI_FLASH_WriteEnable  fatfs_flash_spi.o
    0x0800320c   0x00000012   Code   RO          642    i.SPI_I2S_GetFlagStatus  stm32f10x_spi.o
    0x0800321e   0x00000006   Code   RO          645    i.SPI_I2S_ReceiveData  stm32f10x_spi.o
    0x08003224   0x00000004   Code   RO          646    i.SPI_I2S_SendData  stm32f10x_spi.o
    0x08003228   0x0000003c   Code   RO          647    i.SPI_Init          stm32f10x_spi.o
    0x08003264   0x00000034   Code   RO         2153    i.SPI_TIMEOUT_UserCallback  fatfs_flash_spi.o
    0x08003298   0x00000002   Code   RO         2262    i.SVC_Handler       stm32f10x_it.o
    0x0800329a   0x00000008   Code   RO           24    i.SetSysClock       system_stm32f10x.o
    0x080032a2   0x00000002   PAD
    0x080032a4   0x000000e0   Code   RO           25    i.SetSysClockTo72   system_stm32f10x.o
    0x08003384   0x000000c4   Code   RO         1563    i.Set_RTCTime       main.o
    0x08003448   0x00000002   Code   RO         2263    i.SysTick_Handler   stm32f10x_it.o
    0x0800344a   0x0000002c   Code   RO         1564    i.SystemConfiguration  main.o
    0x08003476   0x00000002   PAD
    0x08003478   0x00000060   Code   RO           27    i.SystemInit        system_stm32f10x.o
    0x080034d8   0x0000009c   Code   RO         1565    i.TIM1_Configuration  main.o
    0x08003574   0x00000044   Code   RO         1566    i.TIM2_Configuration  main.o
    0x080035b8   0x0000003c   Code   RO         2264    i.TIM2_IRQHandler   stm32f10x_it.o
    0x080035f4   0x00000040   Code   RO         1567    i.TIM6_Configuration  main.o
    0x08003634   0x00000194   Code   RO         2265    i.TIM6_IRQHandler   stm32f10x_it.o
    0x080037c8   0x00000038   Code   RO         1568    i.TIM7_Configuration  main.o
    0x08003800   0x0000006c   Code   RO         2266    i.TIM7_IRQHandler   stm32f10x_it.o
    0x0800386c   0x00000006   Code   RO         1012    i.TIM_ClearITPendingBit  stm32f10x_tim.o
    0x08003872   0x00000018   Code   RO         1017    i.TIM_Cmd           stm32f10x_tim.o
    0x0800388a   0x0000001e   Code   RO         1019    i.TIM_CtrlPWMOutputs  stm32f10x_tim.o
    0x080038a8   0x000001e8   Code   RO         1022    i.TIM_DeInit        stm32f10x_tim.o
    0x08003a90   0x00000022   Code   RO         1038    i.TIM_GetITStatus   stm32f10x_tim.o
    0x08003ab2   0x00000012   Code   RO         1042    i.TIM_ITConfig      stm32f10x_tim.o
    0x08003ac4   0x00000098   Code   RO         1046    i.TIM_OC1Init       stm32f10x_tim.o
    0x08003b5c   0x00000012   Code   RO         1049    i.TIM_OC1PreloadConfig  stm32f10x_tim.o
    0x08003b6e   0x00000002   PAD
    0x08003b70   0x000000a4   Code   RO         1088    i.TIM_TimeBaseInit  stm32f10x_tim.o
    0x08003c14   0x0000008c   Code   RO         2042    i.TP_Scan           bsp_xpt2046_lcd.o
    0x08003ca0   0x000004f2   Code   RO         1569    i.UI00              main.o
    0x08004192   0x00000002   PAD
    0x08004194   0x00000658   Code   RO         1570    i.UI01              main.o
    0x080047ec   0x00000670   Code   RO         1571    i.UI02              main.o
    0x08004e5c   0x00000608   Code   RO         1572    i.UI03              main.o
    0x08005464   0x00000380   Code   RO         1573    i.UI04              main.o
    0x080057e4   0x00000002   Code   RO         1574    i.UI05              main.o
    0x080057e6   0x00000002   PAD
    0x080057e8   0x00000318   Code   RO         1575    i.UI06              main.o
    0x08005b00   0x00000bd8   Code   RO         1576    i.UI10              main.o
    0x080066d8   0x0000022c   Code   RO         1577    i.UI11              main.o
    0x08006904   0x00000208   Code   RO         1578    i.UI12              main.o
    0x08006b0c   0x000000f0   Code   RO         1579    i.UI20              main.o
    0x08006bfc   0x00000004   Code   RO         2267    i.UsageFault_Handler  stm32f10x_it.o
    0x08006c00   0x00000164   Code   RO         2043    i.XPT2046_Calculate_CalibrationFactor  bsp_xpt2046_lcd.o
    0x08006d64   0x0000001e   Code   RO         2044    i.XPT2046_DelayUS   bsp_xpt2046_lcd.o
    0x08006d82   0x00000002   PAD
    0x08006d84   0x0000004c   Code   RO         2045    i.XPT2046_EXTI_Config  bsp_xpt2046_lcd.o
    0x08006dd0   0x00000026   Code   RO         2046    i.XPT2046_EXTI_NVIC_Config  bsp_xpt2046_lcd.o
    0x08006df6   0x00000002   PAD
    0x08006df8   0x0000007c   Code   RO         2047    i.XPT2046_GPIO_SPI_Config  bsp_xpt2046_lcd.o
    0x08006e74   0x000000ca   Code   RO         2048    i.XPT2046_Get_TouchedPoint  bsp_xpt2046_lcd.o
    0x08006f3e   0x0000000c   Code   RO         2049    i.XPT2046_Init      bsp_xpt2046_lcd.o
    0x08006f4a   0x00000010   Code   RO         2050    i.XPT2046_ReadAdc   bsp_xpt2046_lcd.o
    0x08006f5a   0x00000002   PAD
    0x08006f5c   0x00000288   Code   RO         2051    i.XPT2046_ReadAdc_Smooth_XY  bsp_xpt2046_lcd.o
    0x080071e4   0x00000026   Code   RO         2052    i.XPT2046_ReadAdc_XY  bsp_xpt2046_lcd.o
    0x0800720a   0x00000002   PAD
    0x0800720c   0x00000050   Code   RO         2053    i.XPT2046_ReadCMD   bsp_xpt2046_lcd.o
    0x0800725c   0x000003fc   Code   RO         2054    i.XPT2046_Touch_Calibrate  bsp_xpt2046_lcd.o
    0x08007658   0x00000064   Code   RO         2055    i.XPT2046_WriteCMD  bsp_xpt2046_lcd.o
    0x080076bc   0x00000020   Code   RO         2606    i.__0printf$6       mc_w.l(printf6.o)
    0x080076dc   0x00000028   Code   RO         2608    i.__0sprintf$6      mc_w.l(printf6.o)
    0x08007704   0x00000028   Code   RO         2793    i.__ARM_fpclassify  m_ws.l(fpclassify.o)
    0x0800772c   0x00000388   Code   RO         2735    i.__ieee754_rem_pio2  m_ws.l(rred.o)
    0x08007ab4   0x000000fc   Code   RO         2732    i.__kernel_cos      m_ws.l(cos_i.o)
    0x08007bb0   0x000000aa   Code   RO         2795    i.__kernel_poly     m_ws.l(poly.o)
    0x08007c5a   0x00000002   PAD
    0x08007c5c   0x000000ec   Code   RO         2740    i.__kernel_sin      m_ws.l(sin_i.o)
    0x08007d48   0x00000010   Code   RO         2791    i.__mathlib_dbl_underflow  m_ws.l(dunder.o)
    0x08007d58   0x0000000e   Code   RO         2803    i.__scatterload_copy  mc_w.l(handlers.o)
    0x08007d66   0x00000002   Code   RO         2804    i.__scatterload_null  mc_w.l(handlers.o)
    0x08007d68   0x0000000e   Code   RO         2805    i.__scatterload_zeroinit  mc_w.l(handlers.o)
    0x08007d76   0x00000002   PAD
    0x08007d78   0x0000000c   Code   RO         2775    i.__set_errno       mc_w.l(errno.o)
    0x08007d84   0x000002f0   Code   RO         2613    i._printf_core      mc_w.l(printf6.o)
    0x08008074   0x00000024   Code   RO         2614    i._printf_post_padding  mc_w.l(printf6.o)
    0x08008098   0x0000002e   Code   RO         2615    i._printf_pre_padding  mc_w.l(printf6.o)
    0x080080c6   0x0000000a   Code   RO         2617    i._sputc            mc_w.l(printf6.o)
    0x080080d0   0x000000ac   Code   RO         2429    i.cos               m_ws.l(cos.o)
    0x0800817c   0x00000012   Code   RO         2760    i.fputc             mc_w.l(fputc.o)
    0x0800818e   0x00000002   PAD
    0x08008190   0x000000d8   Code   RO         1580    i.main              main.o
    0x08008268   0x000000b0   Code   RO         2437    i.sin               m_ws.l(sin.o)
    0x08008318   0x0000017f   Data   RO         1581    .constdata          main.o
    0x08008497   0x00005320   Data   RO         1849    .constdata          bsp_ili9341_lcd.o
    0x0800d7b7   0x00000001   PAD
    0x0800d7b8   0x00000030   Data   RO         2733    .constdata          m_ws.l(cos_i.o)
    0x0800d7e8   0x000000c8   Data   RO         2737    .constdata          m_ws.l(rred.o)
    0x0800d8b0   0x00000028   Data   RO         2741    .constdata          m_ws.l(sin_i.o)
    0x0800d8d8   0x00000020   Data   RO         2801    Region$$Table       anon$$obj.o


    Execution Region RW_IRAM1 (Base: 0x20000000, Size: 0x00000488, Max: 0x00010000, ABSOLUTE)

    Base Addr    Size         Type   Attr      Idx    E Section Name        Object

    0x20000000   0x00000028   Data   RW         1582    .data               main.o
    0x20000028   0x00000031   Data   RW         2057    .data               bsp_xpt2046_lcd.o
    0x20000059   0x00000003   PAD
    0x2000005c   0x00000004   Data   RW         2155    .data               fatfs_flash_spi.o
    0x20000060   0x00000012   Data   RW         2268    .data               stm32f10x_it.o
    0x20000072   0x00000002   PAD
    0x20000074   0x00000004   Data   RW         2762    .data               mc_w.l(stdout.o)
    0x20000078   0x00000004   Data   RW         2776    .data               mc_w.l(errno.o)
    0x2000007c   0x0000000a   Zero   RW         2056    .bss                bsp_xpt2046_lcd.o
    0x20000086   0x00000002   PAD
    0x20000088   0x00000400   Zero   RW            1    STACK               startup_stm32f10x_hd.o


==============================================================================

Image component sizes


      Code (inc. data)   RO Data    RW Data    ZI Data      Debug   Object Name

      3336         46      21280          0          0      21264   bsp_ili9341_lcd.o
        12          0          0          0          0        471   bsp_lcd.o
      2932        146          0         49         10      13312   bsp_xpt2046_lcd.o
         0          0          0          0          0       4280   core_cm3.o
      1226        110          0          4          0       8571   fatfs_flash_spi.o
     17206       1292        383         40          0     262260   main.o
       132         22          0          0          0       1615   misc.o
        36          8        304          0       1024        864   startup_stm32f10x_hd.o
        16          0          0          0          0        509   stm32f10x_bkp.o
       200         18          0          0          0       2204   stm32f10x_exti.o
       282          6          0          0          0       1893   stm32f10x_fsmc.o
       368          4          0          0          0       4402   stm32f10x_gpio.o
       890        106          0         18          0       8134   stm32f10x_it.o
        12          6          0          0          0        538   stm32f10x_pwr.o
       312         56          0          0          0       5816   stm32f10x_rcc.o
       260         48          0          0          0       5384   stm32f10x_rtc.o
       112          0          0          0          0       3962   stm32f10x_spi.o
       934        126          0          0          0       6441   stm32f10x_tim.o
       328         28          0          0          0     252897   system_stm32f10x.o

    ----------------------------------------------------------------------
     28632       2022      22000        116       1036     604817   Object Totals
         0          0         32          0          0          0   (incl. Generated)
        38          0          1          5          2          0   (incl. Padding)

    ----------------------------------------------------------------------

      Code (inc. data)   RO Data    RW Data    ZI Data      Debug   Library Member Name

       172          8          0          0          0        112   cos.o
       252         22         48          0          0        124   cos_i.o
        16          6          0          0          0         68   dunder.o
        40          0          0          0          0         68   fpclassify.o
       170          0          0          0          0         96   poly.o
       904         74        200          0          0        140   rred.o
       176         10          0          0          0        116   sin.o
       236         12         40          0          0        128   sin_i.o
         0          0          0          0          0          0   entry.o
         0          0          0          0          0          0   entry10a.o
         0          0          0          0          0          0   entry11a.o
         8          4          0          0          0          0   entry2.o
         4          0          0          0          0          0   entry5.o
         0          0          0          0          0          0   entry7b.o
         0          0          0          0          0          0   entry8b.o
         8          4          0          0          0          0   entry9a.o
        12          6          0          4          0         68   errno.o
        18          0          0          0          0         80   fputc.o
        30          0          0          0          0          0   handlers.o
        36          8          0          0          0         68   init.o
         0          0          0          0          0          0   iusefp.o
         0          0          0          0          0          0   iusesemip.o
        30          0          0          0          0         68   llshl.o
        36          0          0          0          0         68   llsshr.o
        32          0          0          0          0         68   llushr.o
        36          0          0          0          0        108   memseta.o
       916         20          0          0          0        504   printf6.o
         0          0          0          0          0          0   semi.o
         0          0          0          4          0          0   stdout.o
        14          0          0          0          0         68   strlen.o
        44          0          0          0          0         80   uidiv.o
        40          2          0          0          0         68   cdcmple.o
        56          0          0          0          0         88   d2f.o
       334          0          0          0          0        148   dadd.o
       222          0          0          0          0        100   ddiv.o
       182          0          0          0          0        176   depilogue.o
        62          0          0          0          0         80   dfixi.o
        50          0          0          0          0         76   dfixui.o
        34          0          0          0          0         76   dflti.o
        26          0          0          0          0         76   dfltui.o
       228          0          0          0          0         96   dmul.o
        46          0          0          0          0         80   dscalb.o
        38          0          0          0          0         68   f2d.o
       110          0          0          0          0        168   fepilogue.o

    ----------------------------------------------------------------------
      4624        176        288          8          0       3332   Library Totals
         6          0          0          0          0          0   (incl. Padding)

    ----------------------------------------------------------------------

      Code (inc. data)   RO Data    RW Data    ZI Data      Debug   Library Name

      1966        132        288          0          0        852   m_ws.l
      1224         42          0          8          0       1180   mc_w.l
      1428          2          0          0          0       1300   mf_w.l

    ----------------------------------------------------------------------
      4624        176        288          8          0       3332   Library Totals

    ----------------------------------------------------------------------

==============================================================================


      Code (inc. data)   RO Data    RW Data    ZI Data      Debug   

     33256       2198      22288        124       1036     598889   Grand Totals
     33256       2198      22288        124       1036     598889   ELF Image Totals
     33256       2198      22288        124          0          0   ROM Totals

==============================================================================

    Total RO  Size (Code + RO Data)                55544 (  54.24kB)
    Total RW  Size (RW Data + ZI Data)              1160 (   1.13kB)
    Total ROM Size (Code + RO Data + RW Data)      55668 (  54.36kB)

==============================================================================

